
Map of Debug\xmas_2023.sm8 from link file Debug\xmas_2023.lkf - Thu Dec  7 22:37:38 2023


                               --------
                               Segments
                               --------

start 00008080 end 00008090 length    16 segment .const
start 0000809c end 00008b6d length  2769 segment .text
start 00004000 end 00004000 length     0 segment .eeprom
start 00000000 end 00000004 length     4 segment .bsct, initialized
start 00008098 end 0000809c length     4 segment .bsct, from
start 00000004 end 00000026 length    34 segment .ubsct
start 00000026 end 00000026 length     0 segment .bit
start 00000026 end 00000026 length     0 segment .share
start 00000100 end 00000100 length     0 segment .data
start 00000100 end 00000100 length     0 segment .bss
start 00000000 end 00000cbd length  3261 segment .info.
start 00000000 end 000103dd length 66525 segment .debug
start 00008000 end 00008080 length   128 segment .const
start 00008090 end 00008098 length     8 segment .init


                               -------
                               Modules
                               -------

C:\Program Files (x86)\COSMIC\FSE_Compilers\CXSTM8\lib\crtsi0.sm8:
start 0000809c end 000080ec length    80 section .text
start 00000100 end 00000100 length     0 section .bss
start 00000004 end 00000004 length     0 section .ubsct
start 00000000 end 00000033 length    51 section .info.

Debug\main.o:
start 000080ec end 0000845a length   878 section .text
start 00000000 end 00000004 length     4 section .bsct
start 00000004 end 0000001c length    24 section .ubsct
start 00000000 end 0000077f length  1919 section .debug
start 00000033 end 0000009c length   105 section .info.
start 00008080 end 00008084 length     4 section .const

Debug\stm8s_adc1.o:
start ******** end ******** length     0 section .text *** removed ***
start 0000077f end 00001d70 length  5617 section .debug
start 0000009c end 0000010b length   111 section .info.

Debug\stm8s_awu.o:
start ******** end ******** length     0 section .text *** removed ***
start 00001d70 end 0000232f length  1471 section .debug
start 0000010b end 00000179 length   110 section .info.
start ******** end ******** length     0 section .const *** removed ***

Debug\stm8s_beep.o:
start ******** end ******** length     0 section .text *** removed ***
start 0000232f end 0000260a length   731 section .debug
start 00000179 end 000001e8 length   111 section .info.
start ******** end ******** length     0 section .const *** removed ***

Debug\stm8s_clk.o:
start 0000845a end 000087de length   900 section .text
start 0000260a end 00003c79 length  5743 section .debug
start 000001e8 end 00000256 length   110 section .info.
start 00008084 end 00008090 length    12 section .const

Debug\stm8s_exti.o:
start ******** end ******** length     0 section .text *** removed ***
start 00003c79 end 00004108 length  1167 section .debug
start 00000256 end 000002c5 length   111 section .info.

Debug\stm8s_flash.o:
start ******** end ******** length     0 section .text *** removed ***
start 00004108 end 00004ee7 length  3551 section .debug
start 000002c5 end 00000335 length   112 section .info.

Debug\stm8s_gpio.o:
start 000087de end 00008890 length   178 section .text
start 00004ee7 end 000058f1 length  2570 section .debug
start 00000335 end 000003a4 length   111 section .info.

Debug\stm8s_i2c.o:
start ******** end ******** length     0 section .text *** removed ***
start 000058f1 end 00006e92 length  5537 section .debug
start 000003a4 end 00000412 length   110 section .info.
start ******** end ******** length     0 section .const *** removed ***

Debug\stm8s_itc.o:
start ******** end ******** length     0 section .text *** removed ***
start 00006e92 end 00007495 length  1539 section .debug
start 00000412 end 00000480 length   110 section .info.
start ******** end ******** length     0 section .const *** removed ***

Debug\stm8s_iwdg.o:
start ******** end ******** length     0 section .text *** removed ***
start 00007495 end 00007837 length   930 section .debug
start 00000480 end 000004ef length   111 section .info.

Debug\stm8s_rst.o:
start ******** end ******** length     0 section .text *** removed ***
start 00007837 end 00007a66 length   559 section .debug
start 000004ef end 0000055d length   110 section .info.

Debug\stm8s_spi.o:
start ******** end ******** length     0 section .text *** removed ***
start 00007a66 end 000089a2 length  3900 section .debug
start 0000055d end 000005cb length   110 section .info.

Debug\stm8s_tim1.o:
start ******** end ******** length     0 section .text *** removed ***
start 000089a2 end 0000c92c length 16266 section .debug
start 000005cb end 0000063a length   111 section .info.

Debug\stm8s_tim2.o:
start ******** end ******** length     0 section .text *** removed ***
start 0000c92c end 0000ec40 length  8980 section .debug
start 0000063a end 000006a9 length   111 section .info.

Debug\stm8s_uart1.o:
start ******** end ******** length     0 section .text *** removed ***
start 0000ec40 end 0001002c length  5100 section .debug
start 000006a9 end 00000719 length   112 section .info.
start ******** end ******** length     0 section .const *** removed ***

Debug\stm8s_wwdg.o:
start ******** end ******** length     0 section .text *** removed ***
start 0001002c end 00010272 length   582 section .debug
start 00000719 end 00000788 length   111 section .info.

(C:\Program Files (x86)\COSMIC\FSE_Compilers\CXSTM8\lib\libm0.sm8)bmulx.o:
start 00008890 end 0000889e length    14 section .text
start 00000788 end 000007b7 length    47 section .info.

(C:\Program Files (x86)\COSMIC\FSE_Compilers\CXSTM8\lib\libm0.sm8)cmulx.o:
start ******** end ******** length     0 section .text *** removed ***
start 000007b7 end 000007e6 length    47 section .info.

(C:\Program Files (x86)\COSMIC\FSE_Compilers\CXSTM8\lib\libm0.sm8)fmul.o:
start 0000889e end 00008973 length   213 section .text
start 000007e6 end 00000814 length    46 section .info.

(C:\Program Files (x86)\COSMIC\FSE_Compilers\CXSTM8\lib\libm0.sm8)ftol.o:
start 00008973 end 000089d5 length    98 section .text
start 00000814 end 00000842 length    46 section .info.

(C:\Program Files (x86)\COSMIC\FSE_Compilers\CXSTM8\lib\libm0.sm8)idiv.o:
start 000089d5 end 000089f3 length    30 section .text
start 00000842 end 00000870 length    46 section .info.

(C:\Program Files (x86)\COSMIC\FSE_Compilers\CXSTM8\lib\libm0.sm8)imul.o:
start ******** end ******** length     0 section .text *** removed ***
start 00000870 end 0000089e length    46 section .info.

(C:\Program Files (x86)\COSMIC\FSE_Compilers\CXSTM8\lib\libm0.sm8)itof.o:
start 000089f3 end 00008a21 length    46 section .text
start 0000089e end 000008cc length    46 section .info.

(C:\Program Files (x86)\COSMIC\FSE_Compilers\CXSTM8\lib\libm0.sm8)ladd.o:
start ******** end ******** length     0 section .text *** removed ***
start 000008cc end 000008fa length    46 section .info.

(C:\Program Files (x86)\COSMIC\FSE_Compilers\CXSTM8\lib\libm0.sm8)lcmp.o:
start ******** end ******** length     0 section .text *** removed ***
start 000008fa end 00000928 length    46 section .info.

(C:\Program Files (x86)\COSMIC\FSE_Compilers\CXSTM8\lib\libm0.sm8)lgadd.o:
start ******** end ******** length     0 section .text *** removed ***
start 00000928 end 00000957 length    47 section .info.

(C:\Program Files (x86)\COSMIC\FSE_Compilers\CXSTM8\lib\libm0.sm8)llsh.o:
start ******** end ******** length     0 section .text *** removed ***
start 00000957 end 00000985 length    46 section .info.

(C:\Program Files (x86)\COSMIC\FSE_Compilers\CXSTM8\lib\libm0.sm8)lmul.o:
start ******** end ******** length     0 section .text *** removed ***
start 00000985 end 000009b3 length    46 section .info.

(C:\Program Files (x86)\COSMIC\FSE_Compilers\CXSTM8\lib\libm0.sm8)lreg.o:
start 0000001c end 00000020 length     4 section .ubsct
start 000009b3 end 000009e1 length    46 section .info.

(C:\Program Files (x86)\COSMIC\FSE_Compilers\CXSTM8\lib\libm0.sm8)lsub.o:
start ******** end ******** length     0 section .text *** removed ***
start 000009e1 end 00000a0f length    46 section .info.

(C:\Program Files (x86)\COSMIC\FSE_Compilers\CXSTM8\lib\libm0.sm8)ltor.o:
start 00008a21 end 00008a33 length    18 section .text
start 00000a0f end 00000a3d length    46 section .info.

(C:\Program Files (x86)\COSMIC\FSE_Compilers\CXSTM8\lib\libm0.sm8)ludiv.o:
start 00008a33 end 00008a47 length    20 section .text
start 00000a3d end 00000a6c length    47 section .info.

(C:\Program Files (x86)\COSMIC\FSE_Compilers\CXSTM8\lib\libm0.sm8)ldiv.o:
start 00008a47 end 00008b32 length   235 section .text
start 00000a6c end 00000a9a length    46 section .info.

(C:\Program Files (x86)\COSMIC\FSE_Compilers\CXSTM8\lib\libm0.sm8)lgneg.o:
start 00008b32 end 00008b45 length    19 section .text
start 00000a9a end 00000ac9 length    47 section .info.

(C:\Program Files (x86)\COSMIC\FSE_Compilers\CXSTM8\lib\libm0.sm8)lneg.o:
start 00008b45 end 00008b5a length    21 section .text
start 00000ac9 end 00000af7 length    46 section .info.

(C:\Program Files (x86)\COSMIC\FSE_Compilers\CXSTM8\lib\libm0.sm8)rtol.o:
start 00008b5a end 00008b6c length    18 section .text
start 00000af7 end 00000b25 length    46 section .info.

(C:\Program Files (x86)\COSMIC\FSE_Compilers\CXSTM8\lib\libm0.sm8)sdivx.o:
start ******** end ******** length     0 section .text *** removed ***
start 00000b25 end 00000b54 length    47 section .info.

(C:\Program Files (x86)\COSMIC\FSE_Compilers\CXSTM8\lib\libm0.sm8)smul.o:
start ******** end ******** length     0 section .text *** removed ***
start 00000b54 end 00000b82 length    46 section .info.

(C:\Program Files (x86)\COSMIC\FSE_Compilers\CXSTM8\lib\libm0.sm8)umul.o:
start ******** end ******** length     0 section .text *** removed ***
start 00000b82 end 00000bb0 length    46 section .info.

(C:\Program Files (x86)\COSMIC\FSE_Compilers\CXSTM8\lib\libm0.sm8)xreg.o:
start 00000020 end 00000023 length     3 section .ubsct
start 00000bb0 end 00000bde length    46 section .info.

(C:\Program Files (x86)\COSMIC\FSE_Compilers\CXSTM8\lib\libm0.sm8)yreg.o:
start 00000023 end 00000026 length     3 section .ubsct
start 00000bde end 00000c0c length    46 section .info.

Debug\stm8_interrupt_vector.o:
start 00008b6c end 00008b6d length     1 section .text
start 00010272 end 000103dd length   363 section .debug
start 00000c0c end 00000c86 length   122 section .info.
start 00008000 end 00008080 length   128 section .const


                             -----------
                             Stack usage
                             -----------

Debug\main.o:
_RGBSpin                            21   (7)
_RGBSpin_no_button              >   21   (7)
_clear_lights                        4   (4)
_delay_ms                            8   (8)
_linearSine                          3   (3)
_main                           >   23   (2)
_rainbowFade                    >   28   (14)
_setAllSameColour                    6   (6)
_write_display                      14   (5)
_ws_write_byte_bot                   4   (4)
_ws_write_byte_top                   4   (4)
_ws_write_grb_bot                    9   (5)
_ws_write_grb_top                    9   (5)
f_buttonHandler                 >    6   (6)

Debug\stm8_interrupt_vector.o:
f_NonHandledInterrupt           >    6   (6)

Debug\stm8s_clk.o:
_CLK_AdjustHSICalibrationValue  >    3   (3)
_CLK_CCOCmd                     >    2   (2)
_CLK_CCOConfig                  >    3   (3)
_CLK_ClearITPendingBit          >    2   (2)
_CLK_ClockSecuritySystemEnable  >    2   (2)
_CLK_ClockSwitchCmd             >    2   (2)
_CLK_ClockSwitchConfig          >   10   (10)
_CLK_DeInit                          2   (2)
_CLK_FastHaltWakeUpCmd          >    2   (2)
_CLK_GetClockFreq               >   25   (11)
_CLK_GetFlagStatus              >    7   (7)
_CLK_GetITStatus                >    4   (4)
_CLK_GetSYSCLKSource            >    2   (2)
_CLK_HSECmd                          2   (2)
_CLK_HSICmd                          2   (2)
_CLK_HSIPrescalerConfig              3   (3)
_CLK_ITConfig                   >    4   (4)
_CLK_LSICmd                     >    2   (2)
_CLK_PeripheralClockConfig      >    4   (4)
_CLK_SWIMConfig                 >    2   (2)
_CLK_SYSCLKConfig                    3   (3)
_CLK_SYSCLKEmergencyClear       >    2   (2)
_CLK_SlowActiveHaltWakeUpCmd    >    2   (2)

Debug\stm8s_gpio.o:
_GPIO_DeInit                         2   (2)
_GPIO_ExternalPullUpConfig      >    6   (6)
_GPIO_Init                           6   (6)
_GPIO_ReadInputData             >    2   (2)
_GPIO_ReadInputPin              >    5   (5)
_GPIO_ReadOutputData            >    2   (2)
_GPIO_Write                     >    5   (5)
_GPIO_WriteHigh                 >    5   (5)
_GPIO_WriteLow                  >    5   (5)
_GPIO_WriteReverse              >    5   (5)

Stack size: 34


                              ---------
                              Call tree
                              ---------
   1 > _CLK_AdjustHSICalibrationValue: (3)

   2 > _CLK_CCOCmd: (2)

   3 > _CLK_CCOConfig: (3)

   4 > _CLK_ClearITPendingBit: (2)

   5 > _CLK_ClockSecuritySystemEnable: (2)

   6 > _CLK_ClockSwitchCmd: (2)

   7 > _CLK_ClockSwitchConfig: (10)

   8 > _CLK_FastHaltWakeUpCmd: (2)

   9 > _CLK_GetClockFreq: (11)

  10 > _CLK_GetFlagStatus: (7)

  11 > _CLK_GetITStatus: (4)

  12 > _CLK_GetSYSCLKSource: (2)

  13 > _CLK_ITConfig: (4)

  14 > _CLK_LSICmd: (2)

  15 > _CLK_PeripheralClockConfig: (4)

  16 > _CLK_SWIMConfig: (2)

  17 > _CLK_SYSCLKEmergencyClear: (2)

  18 > _CLK_SlowActiveHaltWakeUpCmd: (2)

  19 > _GPIO_ExternalPullUpConfig: (6)

  20 > _GPIO_ReadInputData: (2)

  21 > _GPIO_ReadInputPin: (5)

  22 > _GPIO_ReadOutputData: (2)

  23 > _GPIO_Write: (5)

  24 > _GPIO_WriteHigh: (5)

  25 > _GPIO_WriteLow: (5)

  26 > _GPIO_WriteReverse: (5)

  27 > _RGBSpin_no_button: (7)
  28      + _clear_lights: (4)
  29      + _delay_ms: (8)
  30      + _write_display: (5)
  31      |    + _ws_write_grb_bot: (5)
  32      |    |    + _ws_write_byte_bot: (4)
          |    | 
  33      |    + _ws_write_grb_top: (5)
  34      |    |    + _ws_write_byte_top: (4)
          |    | 
          | 
       
  35 > __stext: (0)

  36 > _main: (2)
  37      + _CLK_DeInit: (2)
  38      + _CLK_HSECmd: (2)
  39      + _CLK_HSICmd: (2)
  40      + _CLK_HSIPrescalerConfig: (3)
  41      + _CLK_SYSCLKConfig: (3)
  42      + _GPIO_DeInit: (2)
  43      + _GPIO_Init: (6)
  44      + _RGBSpin: (7)
  45      |    + _clear_lights --> 28
  46      |    + _delay_ms --> 29
  47      |    + _write_display --> 30
          | 
  48      + _clear_lights --> 28
       
  49 > _rainbowFade: (14)
  50      + _clear_lights --> 28
  51      + _delay_ms --> 29
  52      + _linearSine: (3)
  53      + _setAllSameColour: (6)
  54      + _write_display --> 30
       
  55 > f_NonHandledInterrupt: (6)

  56 > f_buttonHandler: (6)

  57   _CLK_DeInit --> 37

  58   _CLK_HSECmd --> 38

  59   _CLK_HSICmd --> 39

  60   _CLK_HSIPrescalerConfig --> 40

  61   _CLK_SYSCLKConfig --> 41

  62   _GPIO_DeInit --> 42

  63   _GPIO_Init --> 43

  64   _RGBSpin --> 44

  65   _clear_lights --> 28

  66   _delay_ms --> 29

  67   _linearSine --> 52

  68   _setAllSameColour --> 53

  69   _write_display --> 30

  70   _ws_write_byte_bot --> 32

  71   _ws_write_byte_top --> 34

  72   _ws_write_grb_bot --> 31

  73   _ws_write_grb_top --> 33



                               -------
                               Symbols
                               -------

_ADC1_AWDChannelConfig           ********   *** removed from Debug\stm8s_adc1.o ***
_ADC1_ClearFlag                  ********   *** removed from Debug\stm8s_adc1.o ***
_ADC1_ClearITPendingBit          ********   *** removed from Debug\stm8s_adc1.o ***
_ADC1_Cmd                        ********   *** removed from Debug\stm8s_adc1.o ***
_ADC1_ConversionConfig           ********   *** removed from Debug\stm8s_adc1.o ***
_ADC1_DataBufferCmd              ********   *** removed from Debug\stm8s_adc1.o ***
_ADC1_DeInit                     ********   *** removed from Debug\stm8s_adc1.o ***
_ADC1_ExternalTriggerConfig      ********   *** removed from Debug\stm8s_adc1.o ***
_ADC1_GetAWDChannelStatus        ********   *** removed from Debug\stm8s_adc1.o ***
_ADC1_GetBufferValue             ********   *** removed from Debug\stm8s_adc1.o ***
_ADC1_GetConversionValue         ********   *** removed from Debug\stm8s_adc1.o ***
_ADC1_GetFlagStatus              ********   *** removed from Debug\stm8s_adc1.o ***
_ADC1_GetITStatus                ********   *** removed from Debug\stm8s_adc1.o ***
_ADC1_ITConfig                   ********   *** removed from Debug\stm8s_adc1.o ***
_ADC1_Init                       ********   *** removed from Debug\stm8s_adc1.o ***
_ADC1_PrescalerConfig            ********   *** removed from Debug\stm8s_adc1.o ***
_ADC1_ScanModeCmd                ********   *** removed from Debug\stm8s_adc1.o ***
_ADC1_SchmittTriggerConfig       ********   *** removed from Debug\stm8s_adc1.o ***
_ADC1_SetHighThreshold           ********   *** removed from Debug\stm8s_adc1.o ***
_ADC1_SetLowThreshold            ********   *** removed from Debug\stm8s_adc1.o ***
_ADC1_StartConversion            ********   *** removed from Debug\stm8s_adc1.o ***
_APR_Array                       ********   *** removed from Debug\stm8s_awu.o ***
_AWU_Cmd                         ********   *** removed from Debug\stm8s_awu.o ***
_AWU_DeInit                      ********   *** removed from Debug\stm8s_awu.o ***
_AWU_GetFlagStatus               ********   *** removed from Debug\stm8s_awu.o ***
_AWU_IdleModeEnable              ********   *** removed from Debug\stm8s_awu.o ***
_AWU_Init                        ********   *** removed from Debug\stm8s_awu.o ***
_AWU_LSICalibrationConfig        ********   *** removed from Debug\stm8s_awu.o ***
_BEEP_Cmd                        ********   *** removed from Debug\stm8s_beep.o ***
_BEEP_DeInit                     ********   *** removed from Debug\stm8s_beep.o ***
_BEEP_Init                       ********   *** removed from Debug\stm8s_beep.o ***
_BEEP_LSICalibrationConfig       ********   *** removed from Debug\stm8s_beep.o ***
_CLKPrescTable                   00008088   defined in Debug\stm8s_clk.o section .const
_CLK_AdjustHSICalibrationValue   00008734   defined in Debug\stm8s_clk.o section .text
_CLK_CCOCmd                      000084ca   defined in Debug\stm8s_clk.o section .text
_CLK_CCOConfig                   0000862d   defined in Debug\stm8s_clk.o section .text
_CLK_ClearITPendingBit           000087cf   defined in Debug\stm8s_clk.o section .text
_CLK_ClockSecuritySystemEnable   000086b7   defined in Debug\stm8s_clk.o section .text
_CLK_ClockSwitchCmd              000084d8   defined in Debug\stm8s_clk.o section .text
_CLK_ClockSwitchConfig           00008560   defined in Debug\stm8s_clk.o section .text
_CLK_DeInit                      0000845a   defined in Debug\stm8s_clk.o section .text
                                            used in Debug\main.o
_CLK_FastHaltWakeUpCmd           00008492   defined in Debug\stm8s_clk.o section .text
_CLK_GetClockFreq                000086c0   defined in Debug\stm8s_clk.o section .text
                                            used in Debug\stm8s_uart1.o
_CLK_GetFlagStatus               00008746   defined in Debug\stm8s_clk.o section .text
_CLK_GetITStatus                 000087a3   defined in Debug\stm8s_clk.o section .text
_CLK_GetSYSCLKSource             000086bc   defined in Debug\stm8s_clk.o section .text
_CLK_HSECmd                      000084a0   defined in Debug\stm8s_clk.o section .text
                                            used in Debug\main.o
_CLK_HSICmd                      000084ae   defined in Debug\stm8s_clk.o section .text
                                            used in Debug\main.o
_CLK_HSIPrescalerConfig          0000861a   defined in Debug\stm8s_clk.o section .text
                                            used in Debug\main.o
_CLK_ITConfig                    00008644   defined in Debug\stm8s_clk.o section .text
_CLK_LSICmd                      000084bc   defined in Debug\stm8s_clk.o section .text
_CLK_PeripheralClockConfig       000084f4   defined in Debug\stm8s_clk.o section .text
_CLK_SWIMConfig                  000086a9   defined in Debug\stm8s_clk.o section .text
_CLK_SYSCLKConfig                0000867c   defined in Debug\stm8s_clk.o section .text
                                            used in Debug\main.o
_CLK_SYSCLKEmergencyClear        00008741   defined in Debug\stm8s_clk.o section .text
_CLK_SlowActiveHaltWakeUpCmd     000084e6   defined in Debug\stm8s_clk.o section .text
_EXTI_DeInit                     ********   *** removed from Debug\stm8s_exti.o ***
_EXTI_GetExtIntSensitivity       ********   *** removed from Debug\stm8s_exti.o ***
_EXTI_GetTLISensitivity          ********   *** removed from Debug\stm8s_exti.o ***
_EXTI_SetExtIntSensitivity       ********   *** removed from Debug\stm8s_exti.o ***
_EXTI_SetTLISensitivity          ********   *** removed from Debug\stm8s_exti.o ***
_FLASH_DeInit                    ********   *** removed from Debug\stm8s_flash.o ***
_FLASH_EraseBlock                ********   *** removed from Debug\stm8s_flash.o ***
_FLASH_EraseByte                 ********   *** removed from Debug\stm8s_flash.o ***
_FLASH_EraseOptionByte           ********   *** removed from Debug\stm8s_flash.o ***
_FLASH_GetBootSize               ********   *** removed from Debug\stm8s_flash.o ***
_FLASH_GetFlagStatus             ********   *** removed from Debug\stm8s_flash.o ***
_FLASH_GetLowPowerMode           ********   *** removed from Debug\stm8s_flash.o ***
_FLASH_GetProgrammingTime        ********   *** removed from Debug\stm8s_flash.o ***
_FLASH_ITConfig                  ********   *** removed from Debug\stm8s_flash.o ***
_FLASH_Lock                      ********   *** removed from Debug\stm8s_flash.o ***
_FLASH_ProgramBlock              ********   *** removed from Debug\stm8s_flash.o ***
_FLASH_ProgramByte               ********   *** removed from Debug\stm8s_flash.o ***
_FLASH_ProgramOptionByte         ********   *** removed from Debug\stm8s_flash.o ***
_FLASH_ProgramWord               ********   *** removed from Debug\stm8s_flash.o ***
_FLASH_ReadByte                  ********   *** removed from Debug\stm8s_flash.o ***
_FLASH_ReadOptionByte            ********   *** removed from Debug\stm8s_flash.o ***
_FLASH_SetLowPowerMode           ********   *** removed from Debug\stm8s_flash.o ***
_FLASH_SetProgrammingTime        ********   *** removed from Debug\stm8s_flash.o ***
_FLASH_Unlock                    ********   *** removed from Debug\stm8s_flash.o ***
_FLASH_WaitForLastOperation      ********   *** removed from Debug\stm8s_flash.o ***
_GPIO_DeInit                     000087de   defined in Debug\stm8s_gpio.o section .text
                                            used in Debug\main.o
_GPIO_ExternalPullUpConfig       00008878   defined in Debug\stm8s_gpio.o section .text
_GPIO_Init                       000087e6   defined in Debug\stm8s_gpio.o section .text
                                            used in Debug\main.o
_GPIO_ReadInputData              0000886e   defined in Debug\stm8s_gpio.o section .text
_GPIO_ReadInputPin               00008871   defined in Debug\stm8s_gpio.o section .text
_GPIO_ReadOutputData             0000886c   defined in Debug\stm8s_gpio.o section .text
_GPIO_Write                      0000884e   defined in Debug\stm8s_gpio.o section .text
_GPIO_WriteHigh                  00008856   defined in Debug\stm8s_gpio.o section .text
_GPIO_WriteLow                   0000885d   defined in Debug\stm8s_gpio.o section .text
_GPIO_WriteReverse               00008865   defined in Debug\stm8s_gpio.o section .text
_HSIDivFactor                    00008084   defined in Debug\stm8s_clk.o section .const
_I2C_AcknowledgeConfig           ********   *** removed from Debug\stm8s_i2c.o ***
_I2C_CheckEvent                  ********   *** removed from Debug\stm8s_i2c.o ***
_I2C_ClearFlag                   ********   *** removed from Debug\stm8s_i2c.o ***
_I2C_ClearITPendingBit           ********   *** removed from Debug\stm8s_i2c.o ***
_I2C_Cmd                         ********   *** removed from Debug\stm8s_i2c.o ***
_I2C_DeInit                      ********   *** removed from Debug\stm8s_i2c.o ***
_I2C_FastModeDutyCycleConfig     ********   *** removed from Debug\stm8s_i2c.o ***
_I2C_GeneralCallCmd              ********   *** removed from Debug\stm8s_i2c.o ***
_I2C_GenerateSTART               ********   *** removed from Debug\stm8s_i2c.o ***
_I2C_GenerateSTOP                ********   *** removed from Debug\stm8s_i2c.o ***
_I2C_GetFlagStatus               ********   *** removed from Debug\stm8s_i2c.o ***
_I2C_GetITStatus                 ********   *** removed from Debug\stm8s_i2c.o ***
_I2C_GetLastEvent                ********   *** removed from Debug\stm8s_i2c.o ***
_I2C_ITConfig                    ********   *** removed from Debug\stm8s_i2c.o ***
_I2C_Init                        ********   *** removed from Debug\stm8s_i2c.o ***
_I2C_ReceiveData                 ********   *** removed from Debug\stm8s_i2c.o ***
_I2C_Send7bitAddress             ********   *** removed from Debug\stm8s_i2c.o ***
_I2C_SendData                    ********   *** removed from Debug\stm8s_i2c.o ***
_I2C_SoftwareResetCmd            ********   *** removed from Debug\stm8s_i2c.o ***
_I2C_StretchClockCmd             ********   *** removed from Debug\stm8s_i2c.o ***
_ITC_DeInit                      ********   *** removed from Debug\stm8s_itc.o ***
_ITC_GetCPUCC                    ********   *** removed from Debug\stm8s_itc.o ***
_ITC_GetSoftIntStatus            ********   *** removed from Debug\stm8s_itc.o ***
_ITC_GetSoftwarePriority         ********   *** removed from Debug\stm8s_itc.o ***
_ITC_SetSoftwarePriority         ********   *** removed from Debug\stm8s_itc.o ***
_IWDG_Enable                     ********   *** removed from Debug\stm8s_iwdg.o ***
_IWDG_ReloadCounter              ********   *** removed from Debug\stm8s_iwdg.o ***
_IWDG_SetPrescaler               ********   *** removed from Debug\stm8s_iwdg.o ***
_IWDG_SetReload                  ********   *** removed from Debug\stm8s_iwdg.o ***
_IWDG_WriteAccessCmd             ********   *** removed from Debug\stm8s_iwdg.o ***
_RGBSpin                         00008251   defined in Debug\main.o section .text
_RGBSpin_no_button               000082c5   defined in Debug\main.o section .text
_RST_ClearFlag                   ********   *** removed from Debug\stm8s_rst.o ***
_RST_GetFlagStatus               ********   *** removed from Debug\stm8s_rst.o ***
_SPI_BiDirectionalLineConfig     ********   *** removed from Debug\stm8s_spi.o ***
_SPI_CalculateCRCCmd             ********   *** removed from Debug\stm8s_spi.o ***
_SPI_ClearFlag                   ********   *** removed from Debug\stm8s_spi.o ***
_SPI_ClearITPendingBit           ********   *** removed from Debug\stm8s_spi.o ***
_SPI_Cmd                         ********   *** removed from Debug\stm8s_spi.o ***
_SPI_DeInit                      ********   *** removed from Debug\stm8s_spi.o ***
_SPI_GetCRC                      ********   *** removed from Debug\stm8s_spi.o ***
_SPI_GetCRCPolynomial            ********   *** removed from Debug\stm8s_spi.o ***
_SPI_GetFlagStatus               ********   *** removed from Debug\stm8s_spi.o ***
_SPI_GetITStatus                 ********   *** removed from Debug\stm8s_spi.o ***
_SPI_ITConfig                    ********   *** removed from Debug\stm8s_spi.o ***
_SPI_Init                        ********   *** removed from Debug\stm8s_spi.o ***
_SPI_NSSInternalSoftwareCmd      ********   *** removed from Debug\stm8s_spi.o ***
_SPI_ReceiveData                 ********   *** removed from Debug\stm8s_spi.o ***
_SPI_ResetCRC                    ********   *** removed from Debug\stm8s_spi.o ***
_SPI_SendData                    ********   *** removed from Debug\stm8s_spi.o ***
_SPI_TransmitCRC                 ********   *** removed from Debug\stm8s_spi.o ***
_TBR_Array                       ********   *** removed from Debug\stm8s_awu.o ***
_TIM1_ARRPreloadConfig           ********   *** removed from Debug\stm8s_tim1.o ***
_TIM1_BDTRConfig                 ********   *** removed from Debug\stm8s_tim1.o ***
_TIM1_CCPreloadControl           ********   *** removed from Debug\stm8s_tim1.o ***
_TIM1_CCxCmd                     ********   *** removed from Debug\stm8s_tim1.o ***
_TIM1_CCxNCmd                    ********   *** removed from Debug\stm8s_tim1.o ***
_TIM1_ClearFlag                  ********   *** removed from Debug\stm8s_tim1.o ***
_TIM1_ClearITPendingBit          ********   *** removed from Debug\stm8s_tim1.o ***
_TIM1_Cmd                        ********   *** removed from Debug\stm8s_tim1.o ***
_TIM1_CounterModeConfig          ********   *** removed from Debug\stm8s_tim1.o ***
_TIM1_CtrlPWMOutputs             ********   *** removed from Debug\stm8s_tim1.o ***
_TIM1_DeInit                     ********   *** removed from Debug\stm8s_tim1.o ***
_TIM1_ETRClockMode1Config        ********   *** removed from Debug\stm8s_tim1.o ***
_TIM1_ETRClockMode2Config        ********   *** removed from Debug\stm8s_tim1.o ***
_TIM1_ETRConfig                  ********   *** removed from Debug\stm8s_tim1.o ***
_TIM1_EncoderInterfaceConfig     ********   *** removed from Debug\stm8s_tim1.o ***
_TIM1_ForcedOC1Config            ********   *** removed from Debug\stm8s_tim1.o ***
_TIM1_ForcedOC2Config            ********   *** removed from Debug\stm8s_tim1.o ***
_TIM1_ForcedOC3Config            ********   *** removed from Debug\stm8s_tim1.o ***
_TIM1_ForcedOC4Config            ********   *** removed from Debug\stm8s_tim1.o ***
_TIM1_GenerateEvent              ********   *** removed from Debug\stm8s_tim1.o ***
_TIM1_GetCapture1                ********   *** removed from Debug\stm8s_tim1.o ***
_TIM1_GetCapture2                ********   *** removed from Debug\stm8s_tim1.o ***
_TIM1_GetCapture3                ********   *** removed from Debug\stm8s_tim1.o ***
_TIM1_GetCapture4                ********   *** removed from Debug\stm8s_tim1.o ***
_TIM1_GetCounter                 ********   *** removed from Debug\stm8s_tim1.o ***
_TIM1_GetFlagStatus              ********   *** removed from Debug\stm8s_tim1.o ***
_TIM1_GetITStatus                ********   *** removed from Debug\stm8s_tim1.o ***
_TIM1_GetPrescaler               ********   *** removed from Debug\stm8s_tim1.o ***
_TIM1_ICInit                     ********   *** removed from Debug\stm8s_tim1.o ***
_TIM1_ITConfig                   ********   *** removed from Debug\stm8s_tim1.o ***
_TIM1_InternalClockConfig        ********   *** removed from Debug\stm8s_tim1.o ***
_TIM1_OC1FastConfig              ********   *** removed from Debug\stm8s_tim1.o ***
_TIM1_OC1Init                    ********   *** removed from Debug\stm8s_tim1.o ***
_TIM1_OC1NPolarityConfig         ********   *** removed from Debug\stm8s_tim1.o ***
_TIM1_OC1PolarityConfig          ********   *** removed from Debug\stm8s_tim1.o ***
_TIM1_OC1PreloadConfig           ********   *** removed from Debug\stm8s_tim1.o ***
_TIM1_OC2FastConfig              ********   *** removed from Debug\stm8s_tim1.o ***
_TIM1_OC2Init                    ********   *** removed from Debug\stm8s_tim1.o ***
_TIM1_OC2NPolarityConfig         ********   *** removed from Debug\stm8s_tim1.o ***
_TIM1_OC2PolarityConfig          ********   *** removed from Debug\stm8s_tim1.o ***
_TIM1_OC2PreloadConfig           ********   *** removed from Debug\stm8s_tim1.o ***
_TIM1_OC3FastConfig              ********   *** removed from Debug\stm8s_tim1.o ***
_TIM1_OC3Init                    ********   *** removed from Debug\stm8s_tim1.o ***
_TIM1_OC3NPolarityConfig         ********   *** removed from Debug\stm8s_tim1.o ***
_TIM1_OC3PolarityConfig          ********   *** removed from Debug\stm8s_tim1.o ***
_TIM1_OC3PreloadConfig           ********   *** removed from Debug\stm8s_tim1.o ***
_TIM1_OC4FastConfig              ********   *** removed from Debug\stm8s_tim1.o ***
_TIM1_OC4Init                    ********   *** removed from Debug\stm8s_tim1.o ***
_TIM1_OC4PolarityConfig          ********   *** removed from Debug\stm8s_tim1.o ***
_TIM1_OC4PreloadConfig           ********   *** removed from Debug\stm8s_tim1.o ***
_TIM1_PWMIConfig                 ********   *** removed from Debug\stm8s_tim1.o ***
_TIM1_PrescalerConfig            ********   *** removed from Debug\stm8s_tim1.o ***
_TIM1_SelectCOM                  ********   *** removed from Debug\stm8s_tim1.o ***
_TIM1_SelectHallSensor           ********   *** removed from Debug\stm8s_tim1.o ***
_TIM1_SelectInputTrigger         ********   *** removed from Debug\stm8s_tim1.o ***
_TIM1_SelectMasterSlaveMode      ********   *** removed from Debug\stm8s_tim1.o ***
_TIM1_SelectOCxM                 ********   *** removed from Debug\stm8s_tim1.o ***
_TIM1_SelectOnePulseMode         ********   *** removed from Debug\stm8s_tim1.o ***
_TIM1_SelectOutputTrigger        ********   *** removed from Debug\stm8s_tim1.o ***
_TIM1_SelectSlaveMode            ********   *** removed from Debug\stm8s_tim1.o ***
_TIM1_SetAutoreload              ********   *** removed from Debug\stm8s_tim1.o ***
_TIM1_SetCompare1                ********   *** removed from Debug\stm8s_tim1.o ***
_TIM1_SetCompare2                ********   *** removed from Debug\stm8s_tim1.o ***
_TIM1_SetCompare3                ********   *** removed from Debug\stm8s_tim1.o ***
_TIM1_SetCompare4                ********   *** removed from Debug\stm8s_tim1.o ***
_TIM1_SetCounter                 ********   *** removed from Debug\stm8s_tim1.o ***
_TIM1_SetIC1Prescaler            ********   *** removed from Debug\stm8s_tim1.o ***
_TIM1_SetIC2Prescaler            ********   *** removed from Debug\stm8s_tim1.o ***
_TIM1_SetIC3Prescaler            ********   *** removed from Debug\stm8s_tim1.o ***
_TIM1_SetIC4Prescaler            ********   *** removed from Debug\stm8s_tim1.o ***
_TIM1_TIxExternalClockConfig     ********   *** removed from Debug\stm8s_tim1.o ***
_TIM1_TimeBaseInit               ********   *** removed from Debug\stm8s_tim1.o ***
_TIM1_UpdateDisableConfig        ********   *** removed from Debug\stm8s_tim1.o ***
_TIM1_UpdateRequestConfig        ********   *** removed from Debug\stm8s_tim1.o ***
_TIM2_ARRPreloadConfig           ********   *** removed from Debug\stm8s_tim2.o ***
_TIM2_CCxCmd                     ********   *** removed from Debug\stm8s_tim2.o ***
_TIM2_ClearFlag                  ********   *** removed from Debug\stm8s_tim2.o ***
_TIM2_ClearITPendingBit          ********   *** removed from Debug\stm8s_tim2.o ***
_TIM2_Cmd                        ********   *** removed from Debug\stm8s_tim2.o ***
_TIM2_DeInit                     ********   *** removed from Debug\stm8s_tim2.o ***
_TIM2_ForcedOC1Config            ********   *** removed from Debug\stm8s_tim2.o ***
_TIM2_ForcedOC2Config            ********   *** removed from Debug\stm8s_tim2.o ***
_TIM2_ForcedOC3Config            ********   *** removed from Debug\stm8s_tim2.o ***
_TIM2_GenerateEvent              ********   *** removed from Debug\stm8s_tim2.o ***
_TIM2_GetCapture1                ********   *** removed from Debug\stm8s_tim2.o ***
_TIM2_GetCapture2                ********   *** removed from Debug\stm8s_tim2.o ***
_TIM2_GetCapture3                ********   *** removed from Debug\stm8s_tim2.o ***
_TIM2_GetCounter                 ********   *** removed from Debug\stm8s_tim2.o ***
_TIM2_GetFlagStatus              ********   *** removed from Debug\stm8s_tim2.o ***
_TIM2_GetITStatus                ********   *** removed from Debug\stm8s_tim2.o ***
_TIM2_GetPrescaler               ********   *** removed from Debug\stm8s_tim2.o ***
_TIM2_ICInit                     ********   *** removed from Debug\stm8s_tim2.o ***
_TIM2_ITConfig                   ********   *** removed from Debug\stm8s_tim2.o ***
_TIM2_OC1Init                    ********   *** removed from Debug\stm8s_tim2.o ***
_TIM2_OC1PolarityConfig          ********   *** removed from Debug\stm8s_tim2.o ***
_TIM2_OC1PreloadConfig           ********   *** removed from Debug\stm8s_tim2.o ***
_TIM2_OC2Init                    ********   *** removed from Debug\stm8s_tim2.o ***
_TIM2_OC2PolarityConfig          ********   *** removed from Debug\stm8s_tim2.o ***
_TIM2_OC2PreloadConfig           ********   *** removed from Debug\stm8s_tim2.o ***
_TIM2_OC3Init                    ********   *** removed from Debug\stm8s_tim2.o ***
_TIM2_OC3PolarityConfig          ********   *** removed from Debug\stm8s_tim2.o ***
_TIM2_OC3PreloadConfig           ********   *** removed from Debug\stm8s_tim2.o ***
_TIM2_PWMIConfig                 ********   *** removed from Debug\stm8s_tim2.o ***
_TIM2_PrescalerConfig            ********   *** removed from Debug\stm8s_tim2.o ***
_TIM2_SelectOCxM                 ********   *** removed from Debug\stm8s_tim2.o ***
_TIM2_SelectOnePulseMode         ********   *** removed from Debug\stm8s_tim2.o ***
_TIM2_SetAutoreload              ********   *** removed from Debug\stm8s_tim2.o ***
_TIM2_SetCompare1                ********   *** removed from Debug\stm8s_tim2.o ***
_TIM2_SetCompare2                ********   *** removed from Debug\stm8s_tim2.o ***
_TIM2_SetCompare3                ********   *** removed from Debug\stm8s_tim2.o ***
_TIM2_SetCounter                 ********   *** removed from Debug\stm8s_tim2.o ***
_TIM2_SetIC1Prescaler            ********   *** removed from Debug\stm8s_tim2.o ***
_TIM2_SetIC2Prescaler            ********   *** removed from Debug\stm8s_tim2.o ***
_TIM2_SetIC3Prescaler            ********   *** removed from Debug\stm8s_tim2.o ***
_TIM2_TimeBaseInit               ********   *** removed from Debug\stm8s_tim2.o ***
_TIM2_UpdateDisableConfig        ********   *** removed from Debug\stm8s_tim2.o ***
_TIM2_UpdateRequestConfig        ********   *** removed from Debug\stm8s_tim2.o ***
_UART1_ClearFlag                 ********   *** removed from Debug\stm8s_uart1.o ***
_UART1_ClearITPendingBit         ********   *** removed from Debug\stm8s_uart1.o ***
_UART1_Cmd                       ********   *** removed from Debug\stm8s_uart1.o ***
_UART1_DeInit                    ********   *** removed from Debug\stm8s_uart1.o ***
_UART1_GetFlagStatus             ********   *** removed from Debug\stm8s_uart1.o ***
_UART1_GetITStatus               ********   *** removed from Debug\stm8s_uart1.o ***
_UART1_HalfDuplexCmd             ********   *** removed from Debug\stm8s_uart1.o ***
_UART1_ITConfig                  ********   *** removed from Debug\stm8s_uart1.o ***
_UART1_Init                      ********   *** removed from Debug\stm8s_uart1.o ***
_UART1_IrDACmd                   ********   *** removed from Debug\stm8s_uart1.o ***
_UART1_IrDAConfig                ********   *** removed from Debug\stm8s_uart1.o ***
_UART1_LINBreakDetectionConfig   ********   *** removed from Debug\stm8s_uart1.o ***
_UART1_LINCmd                    ********   *** removed from Debug\stm8s_uart1.o ***
_UART1_ReceiveData8              ********   *** removed from Debug\stm8s_uart1.o ***
_UART1_ReceiveData9              ********   *** removed from Debug\stm8s_uart1.o ***
_UART1_ReceiverWakeUpCmd         ********   *** removed from Debug\stm8s_uart1.o ***
_UART1_SendBreak                 ********   *** removed from Debug\stm8s_uart1.o ***
_UART1_SendData8                 ********   *** removed from Debug\stm8s_uart1.o ***
_UART1_SendData9                 ********   *** removed from Debug\stm8s_uart1.o ***
_UART1_SetAddress                ********   *** removed from Debug\stm8s_uart1.o ***
_UART1_SetGuardTime              ********   *** removed from Debug\stm8s_uart1.o ***
_UART1_SetPrescaler              ********   *** removed from Debug\stm8s_uart1.o ***
_UART1_SmartCardCmd              ********   *** removed from Debug\stm8s_uart1.o ***
_UART1_SmartCardNACKCmd          ********   *** removed from Debug\stm8s_uart1.o ***
_UART1_WakeUpConfig              ********   *** removed from Debug\stm8s_uart1.o ***
_WWDG_GetCounter                 ********   *** removed from Debug\stm8s_wwdg.o ***
_WWDG_Init                       ********   *** removed from Debug\stm8s_wwdg.o ***
_WWDG_SWReset                    ********   *** removed from Debug\stm8s_wwdg.o ***
_WWDG_SetCounter                 ********   *** removed from Debug\stm8s_wwdg.o ***
_WWDG_SetWindowValue             ********   *** removed from Debug\stm8s_wwdg.o ***
__endmem                         000001ff   defined in command file
                                            *** not used ***
__endzp                          00000026   defined in command file section .ubsct
                                            used in C:\Program Files (x86)\COSMIC\FSE_Compilers\CXSTM8\lib\crtsi0.sm8
__idesc__                        00008090   defined in linker section .init
                                            used in C:\Program Files (x86)\COSMIC\FSE_Compilers\CXSTM8\lib\crtsi0.sm8
__memory                         00000100   defined in command file section .bss
                                            used in C:\Program Files (x86)\COSMIC\FSE_Compilers\CXSTM8\lib\crtsi0.sm8
__stack                          000003ff   defined in command file
                                            used in C:\Program Files (x86)\COSMIC\FSE_Compilers\CXSTM8\lib\crtsi0.sm8
__startmem                       00000100   defined in command file section .bss
                                            *** not used ***
__stext                          0000809c   defined in C:\Program Files (x86)\COSMIC\FSE_Compilers\CXSTM8\lib\crtsi0.sm8 section .text
                                            used in Debug\stm8_interrupt_vector.o
__vectab                         00008000   defined in Debug\stm8_interrupt_vector.o section .const
_clear_lights                    000081f8   defined in Debug\main.o section .text
_delay_ms                        000080ec   defined in Debug\main.o section .text
_dir                             00000003   defined in Debug\main.o section .bsct, initialized
_exit                            000080ea   defined in C:\Program Files (x86)\COSMIC\FSE_Compilers\CXSTM8\lib\crtsi0.sm8 section .text
_linearSine                      0000833e   defined in Debug\main.o section .text
_main                            000083fd   defined in Debug\main.o section .text
                                            used in C:\Program Files (x86)\COSMIC\FSE_Compilers\CXSTM8\lib\crtsi0.sm8
_rainbowFade                     00008360   defined in Debug\main.o section .text
_setAllSameColour                0000821e   defined in Debug\main.o section .text
_write_display                   000081bf   defined in Debug\main.o section .text
_ws_write_byte_bot               00008151   defined in Debug\main.o section .text
_ws_write_byte_top               00008116   defined in Debug\main.o section .text
_ws_write_grb_bot                000081a6   defined in Debug\main.o section .text
_ws_write_grb_top                0000818c   defined in Debug\main.o section .text
c_bmulx                          00008890   defined in (C:\Program Files (x86)\COSMIC\FSE_Compilers\CXSTM8\lib\libm0.sm8)bmulx.o section .text
                                            used in Debug\main.o
c_cmulx                          ********   *** removed from (C:\Program Files (x86)\COSMIC\FSE_Compilers\CXSTM8\lib\libm0.sm8)cmulx.o ***
c_divsl                          00008a47   defined in (C:\Program Files (x86)\COSMIC\FSE_Compilers\CXSTM8\lib\libm0.sm8)ldiv.o section .text
                                            *** not used ***
c_divul                          00008a5e   defined in (C:\Program Files (x86)\COSMIC\FSE_Compilers\CXSTM8\lib\libm0.sm8)ldiv.o section .text
                                            used in (C:\Program Files (x86)\COSMIC\FSE_Compilers\CXSTM8\lib\libm0.sm8)ludiv.o
c_fmul                           0000889e   defined in (C:\Program Files (x86)\COSMIC\FSE_Compilers\CXSTM8\lib\libm0.sm8)fmul.o section .text
                                            used in Debug\main.o
c_ftoi                           00008973   defined in (C:\Program Files (x86)\COSMIC\FSE_Compilers\CXSTM8\lib\libm0.sm8)ftol.o section .text
                                            *** not used ***
c_ftol                           00008979   defined in (C:\Program Files (x86)\COSMIC\FSE_Compilers\CXSTM8\lib\libm0.sm8)ftol.o section .text
                                            used in Debug\main.o
c_idiv                           000089d5   defined in (C:\Program Files (x86)\COSMIC\FSE_Compilers\CXSTM8\lib\libm0.sm8)idiv.o section .text
                                            used in Debug\main.o
c_imul                           ********   *** removed from (C:\Program Files (x86)\COSMIC\FSE_Compilers\CXSTM8\lib\libm0.sm8)imul.o ***
c_itof                           000089f3   defined in (C:\Program Files (x86)\COSMIC\FSE_Compilers\CXSTM8\lib\libm0.sm8)itof.o section .text
                                            used in Debug\main.o
c_ladd                           ********   *** removed from (C:\Program Files (x86)\COSMIC\FSE_Compilers\CXSTM8\lib\libm0.sm8)ladd.o ***
c_lcmp                           ********   *** removed from (C:\Program Files (x86)\COSMIC\FSE_Compilers\CXSTM8\lib\libm0.sm8)lcmp.o ***
c_lgadd                          ********   *** removed from (C:\Program Files (x86)\COSMIC\FSE_Compilers\CXSTM8\lib\libm0.sm8)lgadd.o ***
c_lgneg                          00008b32   defined in (C:\Program Files (x86)\COSMIC\FSE_Compilers\CXSTM8\lib\libm0.sm8)lgneg.o section .text
                                            used in (C:\Program Files (x86)\COSMIC\FSE_Compilers\CXSTM8\lib\libm0.sm8)ldiv.o
c_llsh                           ********   *** removed from (C:\Program Files (x86)\COSMIC\FSE_Compilers\CXSTM8\lib\libm0.sm8)llsh.o ***
c_lmul                           ********   *** removed from (C:\Program Files (x86)\COSMIC\FSE_Compilers\CXSTM8\lib\libm0.sm8)lmul.o ***
c_lmulc                          ********   *** removed from (C:\Program Files (x86)\COSMIC\FSE_Compilers\CXSTM8\lib\libm0.sm8)lmul.o ***
c_lneg                           00008b45   defined in (C:\Program Files (x86)\COSMIC\FSE_Compilers\CXSTM8\lib\libm0.sm8)lneg.o section .text
                                            used in (C:\Program Files (x86)\COSMIC\FSE_Compilers\CXSTM8\lib\libm0.sm8)ldiv.o
c_lreg                           0000001c   defined in (C:\Program Files (x86)\COSMIC\FSE_Compilers\CXSTM8\lib\libm0.sm8)lreg.o section .ubsct
                                            used in Debug\main.o
                                                    Debug\stm8s_awu.o
                                                    Debug\stm8s_beep.o
                                                    Debug\stm8s_clk.o
                                                    Debug\stm8s_flash.o
                                                    Debug\stm8s_i2c.o
                                                    Debug\stm8s_uart1.o
                                                    (C:\Program Files (x86)\COSMIC\FSE_Compilers\CXSTM8\lib\libm0.sm8)cmulx.o
                                                    (C:\Program Files (x86)\COSMIC\FSE_Compilers\CXSTM8\lib\libm0.sm8)fmul.o
                                                    (C:\Program Files (x86)\COSMIC\FSE_Compilers\CXSTM8\lib\libm0.sm8)ftol.o
                                                    (C:\Program Files (x86)\COSMIC\FSE_Compilers\CXSTM8\lib\libm0.sm8)itof.o
                                                    (C:\Program Files (x86)\COSMIC\FSE_Compilers\CXSTM8\lib\libm0.sm8)ladd.o
                                                    (C:\Program Files (x86)\COSMIC\FSE_Compilers\CXSTM8\lib\libm0.sm8)lcmp.o
                                                    (C:\Program Files (x86)\COSMIC\FSE_Compilers\CXSTM8\lib\libm0.sm8)lgadd.o
                                                    (C:\Program Files (x86)\COSMIC\FSE_Compilers\CXSTM8\lib\libm0.sm8)llsh.o
                                                    (C:\Program Files (x86)\COSMIC\FSE_Compilers\CXSTM8\lib\libm0.sm8)lmul.o
                                                    (C:\Program Files (x86)\COSMIC\FSE_Compilers\CXSTM8\lib\libm0.sm8)lsub.o
                                                    (C:\Program Files (x86)\COSMIC\FSE_Compilers\CXSTM8\lib\libm0.sm8)ltor.o
                                                    (C:\Program Files (x86)\COSMIC\FSE_Compilers\CXSTM8\lib\libm0.sm8)ldiv.o
                                                    (C:\Program Files (x86)\COSMIC\FSE_Compilers\CXSTM8\lib\libm0.sm8)lneg.o
                                                    (C:\Program Files (x86)\COSMIC\FSE_Compilers\CXSTM8\lib\libm0.sm8)rtol.o
                                                    (C:\Program Files (x86)\COSMIC\FSE_Compilers\CXSTM8\lib\libm0.sm8)smul.o
                                                    (C:\Program Files (x86)\COSMIC\FSE_Compilers\CXSTM8\lib\libm0.sm8)umul.o
c_lsub                           ********   *** removed from (C:\Program Files (x86)\COSMIC\FSE_Compilers\CXSTM8\lib\libm0.sm8)lsub.o ***
c_ltor                           00008a21   defined in (C:\Program Files (x86)\COSMIC\FSE_Compilers\CXSTM8\lib\libm0.sm8)ltor.o section .text
                                            used in Debug\main.o
                                                    Debug\stm8s_awu.o
                                                    Debug\stm8s_beep.o
                                                    Debug\stm8s_clk.o
                                                    Debug\stm8s_flash.o
                                                    Debug\stm8s_i2c.o
                                                    Debug\stm8s_uart1.o
c_ludv                           00008a33   defined in (C:\Program Files (x86)\COSMIC\FSE_Compilers\CXSTM8\lib\libm0.sm8)ludiv.o section .text
                                            used in Debug\stm8s_awu.o
                                                    Debug\stm8s_beep.o
                                                    Debug\stm8s_clk.o
                                                    Debug\stm8s_i2c.o
                                                    Debug\stm8s_uart1.o
c_okmul                          000088ac   defined in (C:\Program Files (x86)\COSMIC\FSE_Compilers\CXSTM8\lib\libm0.sm8)fmul.o section .text
                                            *** not used ***
c_rtol                           00008b5a   defined in (C:\Program Files (x86)\COSMIC\FSE_Compilers\CXSTM8\lib\libm0.sm8)rtol.o section .text
                                            used in Debug\main.o
                                                    Debug\stm8s_clk.o
                                                    Debug\stm8s_flash.o
                                                    Debug\stm8s_i2c.o
                                                    Debug\stm8s_uart1.o
c_sdivx                          ********   *** removed from (C:\Program Files (x86)\COSMIC\FSE_Compilers\CXSTM8\lib\libm0.sm8)sdivx.o ***
c_smodx                          ********   *** removed from (C:\Program Files (x86)\COSMIC\FSE_Compilers\CXSTM8\lib\libm0.sm8)sdivx.o ***
c_smul                           ********   *** removed from (C:\Program Files (x86)\COSMIC\FSE_Compilers\CXSTM8\lib\libm0.sm8)smul.o ***
c_umul                           ********   *** removed from (C:\Program Files (x86)\COSMIC\FSE_Compilers\CXSTM8\lib\libm0.sm8)umul.o ***
c_x                              00000020   defined in (C:\Program Files (x86)\COSMIC\FSE_Compilers\CXSTM8\lib\libm0.sm8)xreg.o section .ubsct
                                            used in C:\Program Files (x86)\COSMIC\FSE_Compilers\CXSTM8\lib\crtsi0.sm8
                                                    Debug\stm8s_awu.o
                                                    Debug\stm8s_beep.o
                                                    (C:\Program Files (x86)\COSMIC\FSE_Compilers\CXSTM8\lib\libm0.sm8)bmulx.o
                                                    (C:\Program Files (x86)\COSMIC\FSE_Compilers\CXSTM8\lib\libm0.sm8)fmul.o
                                                    (C:\Program Files (x86)\COSMIC\FSE_Compilers\CXSTM8\lib\libm0.sm8)imul.o
                                                    (C:\Program Files (x86)\COSMIC\FSE_Compilers\CXSTM8\lib\libm0.sm8)lmul.o
                                                    (C:\Program Files (x86)\COSMIC\FSE_Compilers\CXSTM8\lib\libm0.sm8)ldiv.o
                                                    (C:\Program Files (x86)\COSMIC\FSE_Compilers\CXSTM8\lib\libm0.sm8)sdivx.o
                                                    (C:\Program Files (x86)\COSMIC\FSE_Compilers\CXSTM8\lib\libm0.sm8)umul.o
c_y                              00000023   defined in (C:\Program Files (x86)\COSMIC\FSE_Compilers\CXSTM8\lib\libm0.sm8)yreg.o section .ubsct
                                            used in C:\Program Files (x86)\COSMIC\FSE_Compilers\CXSTM8\lib\crtsi0.sm8
                                                    (C:\Program Files (x86)\COSMIC\FSE_Compilers\CXSTM8\lib\libm0.sm8)umul.o
f_NonHandledInterrupt            00008b6c   defined in Debug\stm8_interrupt_vector.o section .text
f_buttonHandler                  0000844b   defined in Debug\main.o section .text
                                            used in Debug\stm8_interrupt_vector.o
