
Map of Debug\xmas_2023.sm8 from link file Debug\xmas_2023.lkf - Mon Dec 11 20:48:02 2023


                               --------
                               Segments
                               --------

start 00008080 end 00008094 length    20 segment .const
start 000080a1 end 00008bb8 length  2839 segment .text
start 00004000 end 00004000 length     0 segment .eeprom
start 00000000 end 00000005 length     5 segment .bsct, initialized
start 0000809c end 000080a1 length     5 segment .bsct, from
start 00000005 end 00000027 length    34 segment .ubsct
start 00000027 end 00000027 length     0 segment .bit
start 00000027 end 00000027 length     0 segment .share
start 00000100 end 00000100 length     0 segment .data
start 00000100 end 00000100 length     0 segment .bss
start 00000000 end 00000cec length  3308 segment .info.
start 00000000 end 000104af length 66735 segment .debug
start 00008000 end 00008080 length   128 segment .const
start 00008094 end 0000809c length     8 segment .init


                               -------
                               Modules
                               -------

C:\Program Files (x86)\COSMIC\FSE_Compilers\CXSTM8\lib\crtsi0.sm8:
start 000080a1 end 000080f1 length    80 section .text
start 00000100 end 00000100 length     0 section .bss
start 00000005 end 00000005 length     0 section .ubsct
start 00000000 end 00000033 length    51 section .info.

Debug\main.o:
start 000080f1 end 00008481 length   912 section .text
start 00000000 end 00000005 length     5 section .bsct
start 00000005 end 0000001d length    24 section .ubsct
start 00000000 end 00000851 length  2129 section .debug
start 00000033 end 0000009c length   105 section .info.
start 00008080 end 00008088 length     8 section .const

Debug\stm8s_adc1.o:
start ******** end ******** length     0 section .text *** removed ***
start 00000851 end 00001e42 length  5617 section .debug
start 0000009c end 0000010b length   111 section .info.

Debug\stm8s_awu.o:
start ******** end ******** length     0 section .text *** removed ***
start 00001e42 end 00002401 length  1471 section .debug
start 0000010b end 00000179 length   110 section .info.
start ******** end ******** length     0 section .const *** removed ***

Debug\stm8s_beep.o:
start ******** end ******** length     0 section .text *** removed ***
start 00002401 end 000026dc length   731 section .debug
start 00000179 end 000001e8 length   111 section .info.
start ******** end ******** length     0 section .const *** removed ***

Debug\stm8s_clk.o:
start 00008481 end 00008805 length   900 section .text
start 000026dc end 00003d4b length  5743 section .debug
start 000001e8 end 00000256 length   110 section .info.
start 00008088 end 00008094 length    12 section .const

Debug\stm8s_exti.o:
start ******** end ******** length     0 section .text *** removed ***
start 00003d4b end 000041da length  1167 section .debug
start 00000256 end 000002c5 length   111 section .info.

Debug\stm8s_flash.o:
start ******** end ******** length     0 section .text *** removed ***
start 000041da end 00004fb9 length  3551 section .debug
start 000002c5 end 00000335 length   112 section .info.

Debug\stm8s_gpio.o:
start 00008805 end 000088b7 length   178 section .text
start 00004fb9 end 000059c3 length  2570 section .debug
start 00000335 end 000003a4 length   111 section .info.

Debug\stm8s_i2c.o:
start ******** end ******** length     0 section .text *** removed ***
start 000059c3 end 00006f64 length  5537 section .debug
start 000003a4 end 00000412 length   110 section .info.
start ******** end ******** length     0 section .const *** removed ***

Debug\stm8s_itc.o:
start ******** end ******** length     0 section .text *** removed ***
start 00006f64 end 00007567 length  1539 section .debug
start 00000412 end 00000480 length   110 section .info.
start ******** end ******** length     0 section .const *** removed ***

Debug\stm8s_iwdg.o:
start ******** end ******** length     0 section .text *** removed ***
start 00007567 end 00007909 length   930 section .debug
start 00000480 end 000004ef length   111 section .info.

Debug\stm8s_rst.o:
start ******** end ******** length     0 section .text *** removed ***
start 00007909 end 00007b38 length   559 section .debug
start 000004ef end 0000055d length   110 section .info.

Debug\stm8s_spi.o:
start ******** end ******** length     0 section .text *** removed ***
start 00007b38 end 00008a74 length  3900 section .debug
start 0000055d end 000005cb length   110 section .info.

Debug\stm8s_tim1.o:
start ******** end ******** length     0 section .text *** removed ***
start 00008a74 end 0000c9fe length 16266 section .debug
start 000005cb end 0000063a length   111 section .info.

Debug\stm8s_tim2.o:
start ******** end ******** length     0 section .text *** removed ***
start 0000c9fe end 0000ed12 length  8980 section .debug
start 0000063a end 000006a9 length   111 section .info.

Debug\stm8s_uart1.o:
start ******** end ******** length     0 section .text *** removed ***
start 0000ed12 end 000100fe length  5100 section .debug
start 000006a9 end 00000719 length   112 section .info.
start ******** end ******** length     0 section .const *** removed ***

Debug\stm8s_wwdg.o:
start ******** end ******** length     0 section .text *** removed ***
start 000100fe end 00010344 length   582 section .debug
start 00000719 end 00000788 length   111 section .info.

(C:\Program Files (x86)\COSMIC\FSE_Compilers\CXSTM8\lib\libm0.sm8)bmulx.o:
start 000088b7 end 000088c5 length    14 section .text
start 00000788 end 000007b7 length    47 section .info.

(C:\Program Files (x86)\COSMIC\FSE_Compilers\CXSTM8\lib\libm0.sm8)cmulx.o:
start ******** end ******** length     0 section .text *** removed ***
start 000007b7 end 000007e6 length    47 section .info.

(C:\Program Files (x86)\COSMIC\FSE_Compilers\CXSTM8\lib\libm0.sm8)fmul.o:
start 000088c5 end 0000899a length   213 section .text
start 000007e6 end 00000814 length    46 section .info.

(C:\Program Files (x86)\COSMIC\FSE_Compilers\CXSTM8\lib\libm0.sm8)ftol.o:
start 0000899a end 000089fc length    98 section .text
start 00000814 end 00000842 length    46 section .info.

(C:\Program Files (x86)\COSMIC\FSE_Compilers\CXSTM8\lib\libm0.sm8)idiv.o:
start 000089fc end 00008a1a length    30 section .text
start 00000842 end 00000870 length    46 section .info.

(C:\Program Files (x86)\COSMIC\FSE_Compilers\CXSTM8\lib\libm0.sm8)imul.o:
start ******** end ******** length     0 section .text *** removed ***
start 00000870 end 0000089e length    46 section .info.

(C:\Program Files (x86)\COSMIC\FSE_Compilers\CXSTM8\lib\libm0.sm8)itof.o:
start 00008a1a end 00008a48 length    46 section .text
start 0000089e end 000008cc length    46 section .info.

(C:\Program Files (x86)\COSMIC\FSE_Compilers\CXSTM8\lib\libm0.sm8)ladd.o:
start ******** end ******** length     0 section .text *** removed ***
start 000008cc end 000008fa length    46 section .info.

(C:\Program Files (x86)\COSMIC\FSE_Compilers\CXSTM8\lib\libm0.sm8)lcmp.o:
start ******** end ******** length     0 section .text *** removed ***
start 000008fa end 00000928 length    46 section .info.

(C:\Program Files (x86)\COSMIC\FSE_Compilers\CXSTM8\lib\libm0.sm8)lgadd.o:
start ******** end ******** length     0 section .text *** removed ***
start 00000928 end 00000957 length    47 section .info.

(C:\Program Files (x86)\COSMIC\FSE_Compilers\CXSTM8\lib\libm0.sm8)llsh.o:
start ******** end ******** length     0 section .text *** removed ***
start 00000957 end 00000985 length    46 section .info.

(C:\Program Files (x86)\COSMIC\FSE_Compilers\CXSTM8\lib\libm0.sm8)lmul.o:
start ******** end ******** length     0 section .text *** removed ***
start 00000985 end 000009b3 length    46 section .info.

(C:\Program Files (x86)\COSMIC\FSE_Compilers\CXSTM8\lib\libm0.sm8)lreg.o:
start 0000001d end 00000021 length     4 section .ubsct
start 000009b3 end 000009e1 length    46 section .info.

(C:\Program Files (x86)\COSMIC\FSE_Compilers\CXSTM8\lib\libm0.sm8)lsub.o:
start ******** end ******** length     0 section .text *** removed ***
start 000009e1 end 00000a0f length    46 section .info.

(C:\Program Files (x86)\COSMIC\FSE_Compilers\CXSTM8\lib\libm0.sm8)ltor.o:
start 00008a48 end 00008a5a length    18 section .text
start 00000a0f end 00000a3d length    46 section .info.

(C:\Program Files (x86)\COSMIC\FSE_Compilers\CXSTM8\lib\libm0.sm8)ludiv.o:
start 00008a5a end 00008a6e length    20 section .text
start 00000a3d end 00000a6c length    47 section .info.

(C:\Program Files (x86)\COSMIC\FSE_Compilers\CXSTM8\lib\libm0.sm8)ldiv.o:
start 00008a6e end 00008b59 length   235 section .text
start 00000a6c end 00000a9a length    46 section .info.

(C:\Program Files (x86)\COSMIC\FSE_Compilers\CXSTM8\lib\libm0.sm8)lgneg.o:
start 00008b59 end 00008b6c length    19 section .text
start 00000a9a end 00000ac9 length    47 section .info.

(C:\Program Files (x86)\COSMIC\FSE_Compilers\CXSTM8\lib\libm0.sm8)lneg.o:
start 00008b6c end 00008b81 length    21 section .text
start 00000ac9 end 00000af7 length    46 section .info.

(C:\Program Files (x86)\COSMIC\FSE_Compilers\CXSTM8\lib\libm0.sm8)rtol.o:
start 00008b81 end 00008b93 length    18 section .text
start 00000af7 end 00000b25 length    46 section .info.

(C:\Program Files (x86)\COSMIC\FSE_Compilers\CXSTM8\lib\libm0.sm8)sdivx.o:
start ******** end ******** length     0 section .text *** removed ***
start 00000b25 end 00000b54 length    47 section .info.

(C:\Program Files (x86)\COSMIC\FSE_Compilers\CXSTM8\lib\libm0.sm8)smul.o:
start ******** end ******** length     0 section .text *** removed ***
start 00000b54 end 00000b82 length    46 section .info.

(C:\Program Files (x86)\COSMIC\FSE_Compilers\CXSTM8\lib\libm0.sm8)uitof.o:
start 00008b93 end 00008bb7 length    36 section .text
start 00000b82 end 00000bb1 length    47 section .info.

(C:\Program Files (x86)\COSMIC\FSE_Compilers\CXSTM8\lib\libm0.sm8)umul.o:
start ******** end ******** length     0 section .text *** removed ***
start 00000bb1 end 00000bdf length    46 section .info.

(C:\Program Files (x86)\COSMIC\FSE_Compilers\CXSTM8\lib\libm0.sm8)xreg.o:
start 00000021 end 00000024 length     3 section .ubsct
start 00000bdf end 00000c0d length    46 section .info.

(C:\Program Files (x86)\COSMIC\FSE_Compilers\CXSTM8\lib\libm0.sm8)yreg.o:
start 00000024 end 00000027 length     3 section .ubsct
start 00000c0d end 00000c3b length    46 section .info.

Debug\stm8_interrupt_vector.o:
start 00008bb7 end 00008bb8 length     1 section .text
start 00010344 end 000104af length   363 section .debug
start 00000c3b end 00000cb5 length   122 section .info.
start 00008000 end 00008080 length   128 section .const


                             -----------
                             Stack usage
                             -----------

Debug\main.o:
_RGBSpin                            21   (7)
_clear_lights                        4   (4)
_delay_ms                           12   (6)
_delay_ms_HS                    >    8   (8)
_init_tim2                           2   (2)
_linearSine                          3   (3)
_main                           >   30   (2)
_rainbowFade                        28   (14)
_setAllSameColour                    6   (6)
_write_display                      14   (5)
_ws_write_byte_bot                   4   (4)
_ws_write_byte_top                   4   (4)
_ws_write_grb_bot                    9   (5)
_ws_write_grb_top                    9   (5)
f_buttonHandler                 >    6   (6)
f_tim2Handler                   >   26   (12)

Debug\stm8_interrupt_vector.o:
f_NonHandledInterrupt           >    6   (6)

Debug\stm8s_clk.o:
_CLK_AdjustHSICalibrationValue  >    3   (3)
_CLK_CCOCmd                     >    2   (2)
_CLK_CCOConfig                  >    3   (3)
_CLK_ClearITPendingBit          >    2   (2)
_CLK_ClockSecuritySystemEnable  >    2   (2)
_CLK_ClockSwitchCmd             >    2   (2)
_CLK_ClockSwitchConfig          >   10   (10)
_CLK_DeInit                          2   (2)
_CLK_FastHaltWakeUpCmd          >    2   (2)
_CLK_GetClockFreq               >   25   (11)
_CLK_GetFlagStatus              >    7   (7)
_CLK_GetITStatus                >    4   (4)
_CLK_GetSYSCLKSource            >    2   (2)
_CLK_HSECmd                          2   (2)
_CLK_HSICmd                          2   (2)
_CLK_HSIPrescalerConfig              3   (3)
_CLK_ITConfig                   >    4   (4)
_CLK_LSICmd                     >    2   (2)
_CLK_PeripheralClockConfig      >    4   (4)
_CLK_SWIMConfig                 >    2   (2)
_CLK_SYSCLKConfig                    3   (3)
_CLK_SYSCLKEmergencyClear       >    2   (2)
_CLK_SlowActiveHaltWakeUpCmd    >    2   (2)

Debug\stm8s_gpio.o:
_GPIO_DeInit                         2   (2)
_GPIO_ExternalPullUpConfig      >    6   (6)
_GPIO_Init                           6   (6)
_GPIO_ReadInputData             >    2   (2)
_GPIO_ReadInputPin              >    5   (5)
_GPIO_ReadOutputData            >    2   (2)
_GPIO_Write                     >    5   (5)
_GPIO_WriteHigh                 >    5   (5)
_GPIO_WriteLow                  >    5   (5)
_GPIO_WriteReverse              >    5   (5)

Stack size: 56


                              ---------
                              Call tree
                              ---------
   1 > _CLK_AdjustHSICalibrationValue: (3)

   2 > _CLK_CCOCmd: (2)

   3 > _CLK_CCOConfig: (3)

   4 > _CLK_ClearITPendingBit: (2)

   5 > _CLK_ClockSecuritySystemEnable: (2)

   6 > _CLK_ClockSwitchCmd: (2)

   7 > _CLK_ClockSwitchConfig: (10)

   8 > _CLK_FastHaltWakeUpCmd: (2)

   9 > _CLK_GetClockFreq: (11)

  10 > _CLK_GetFlagStatus: (7)

  11 > _CLK_GetITStatus: (4)

  12 > _CLK_GetSYSCLKSource: (2)

  13 > _CLK_ITConfig: (4)

  14 > _CLK_LSICmd: (2)

  15 > _CLK_PeripheralClockConfig: (4)

  16 > _CLK_SWIMConfig: (2)

  17 > _CLK_SYSCLKEmergencyClear: (2)

  18 > _CLK_SlowActiveHaltWakeUpCmd: (2)

  19 > _GPIO_ExternalPullUpConfig: (6)

  20 > _GPIO_ReadInputData: (2)

  21 > _GPIO_ReadInputPin: (5)

  22 > _GPIO_ReadOutputData: (2)

  23 > _GPIO_Write: (5)

  24 > _GPIO_WriteHigh: (5)

  25 > _GPIO_WriteLow: (5)

  26 > _GPIO_WriteReverse: (5)

  27 > __stext: (0)

  28 > _delay_ms_HS: (8)

  29 > _main: (2)
  30      + _CLK_DeInit: (2)
  31      + _CLK_HSECmd: (2)
  32      + _CLK_HSICmd: (2)
  33      + _CLK_HSIPrescalerConfig: (3)
  34      + _CLK_SYSCLKConfig: (3)
  35      + _GPIO_DeInit: (2)
  36      + _GPIO_Init: (6)
  37      + _RGBSpin: (7)
  38      |    + _clear_lights: (4)
  39      |    + _delay_ms: (6)
  40      |    + _write_display: (5)
  41      |    |    + _CLK_HSIPrescalerConfig --> 33
  42      |    |    + _CLK_SYSCLKConfig --> 34
  43      |    |    + _ws_write_grb_bot: (5)
  44      |    |    |    + _ws_write_byte_bot: (4)
          |    |    | 
  45      |    |    + _ws_write_grb_top: (5)
  46      |    |    |    + _ws_write_byte_top: (4)
          |    |    | 
          |    | 
          | 
  47      + _clear_lights --> 38
  48      + _init_tim2: (2)
  49      + _rainbowFade: (14)
  50      |    + _clear_lights --> 38
  51      |    + _delay_ms --> 39
  52      |    + _linearSine: (3)
  53      |    + _setAllSameColour: (6)
  54      |    + _write_display --> 40
          | 
       
  55 > f_NonHandledInterrupt: (6)

  56 > f_buttonHandler: (6)

  57 > f_tim2Handler: (12)
  58      + _clear_lights --> 38
  59      + _write_display --> 40
       
  60   _CLK_DeInit --> 30

  61   _CLK_HSECmd --> 31

  62   _CLK_HSICmd --> 32

  63   _CLK_HSIPrescalerConfig --> 33

  64   _CLK_SYSCLKConfig --> 34

  65   _GPIO_DeInit --> 35

  66   _GPIO_Init --> 36

  67   _RGBSpin --> 37

  68   _clear_lights --> 38

  69   _delay_ms --> 39

  70   _init_tim2 --> 48

  71   _linearSine --> 52

  72   _rainbowFade --> 49

  73   _setAllSameColour --> 53

  74   _write_display --> 40

  75   _ws_write_byte_bot --> 44

  76   _ws_write_byte_top --> 46

  77   _ws_write_grb_bot --> 43

  78   _ws_write_grb_top --> 45



                               -------
                               Symbols
                               -------

_ADC1_AWDChannelConfig           ********   *** removed from Debug\stm8s_adc1.o ***
_ADC1_ClearFlag                  ********   *** removed from Debug\stm8s_adc1.o ***
_ADC1_ClearITPendingBit          ********   *** removed from Debug\stm8s_adc1.o ***
_ADC1_Cmd                        ********   *** removed from Debug\stm8s_adc1.o ***
_ADC1_ConversionConfig           ********   *** removed from Debug\stm8s_adc1.o ***
_ADC1_DataBufferCmd              ********   *** removed from Debug\stm8s_adc1.o ***
_ADC1_DeInit                     ********   *** removed from Debug\stm8s_adc1.o ***
_ADC1_ExternalTriggerConfig      ********   *** removed from Debug\stm8s_adc1.o ***
_ADC1_GetAWDChannelStatus        ********   *** removed from Debug\stm8s_adc1.o ***
_ADC1_GetBufferValue             ********   *** removed from Debug\stm8s_adc1.o ***
_ADC1_GetConversionValue         ********   *** removed from Debug\stm8s_adc1.o ***
_ADC1_GetFlagStatus              ********   *** removed from Debug\stm8s_adc1.o ***
_ADC1_GetITStatus                ********   *** removed from Debug\stm8s_adc1.o ***
_ADC1_ITConfig                   ********   *** removed from Debug\stm8s_adc1.o ***
_ADC1_Init                       ********   *** removed from Debug\stm8s_adc1.o ***
_ADC1_PrescalerConfig            ********   *** removed from Debug\stm8s_adc1.o ***
_ADC1_ScanModeCmd                ********   *** removed from Debug\stm8s_adc1.o ***
_ADC1_SchmittTriggerConfig       ********   *** removed from Debug\stm8s_adc1.o ***
_ADC1_SetHighThreshold           ********   *** removed from Debug\stm8s_adc1.o ***
_ADC1_SetLowThreshold            ********   *** removed from Debug\stm8s_adc1.o ***
_ADC1_StartConversion            ********   *** removed from Debug\stm8s_adc1.o ***
_APR_Array                       ********   *** removed from Debug\stm8s_awu.o ***
_AWU_Cmd                         ********   *** removed from Debug\stm8s_awu.o ***
_AWU_DeInit                      ********   *** removed from Debug\stm8s_awu.o ***
_AWU_GetFlagStatus               ********   *** removed from Debug\stm8s_awu.o ***
_AWU_IdleModeEnable              ********   *** removed from Debug\stm8s_awu.o ***
_AWU_Init                        ********   *** removed from Debug\stm8s_awu.o ***
_AWU_LSICalibrationConfig        ********   *** removed from Debug\stm8s_awu.o ***
_BEEP_Cmd                        ********   *** removed from Debug\stm8s_beep.o ***
_BEEP_DeInit                     ********   *** removed from Debug\stm8s_beep.o ***
_BEEP_Init                       ********   *** removed from Debug\stm8s_beep.o ***
_BEEP_LSICalibrationConfig       ********   *** removed from Debug\stm8s_beep.o ***
_CLKPrescTable                   0000808c   defined in Debug\stm8s_clk.o section .const
_CLK_AdjustHSICalibrationValue   0000875b   defined in Debug\stm8s_clk.o section .text
_CLK_CCOCmd                      000084f1   defined in Debug\stm8s_clk.o section .text
_CLK_CCOConfig                   00008654   defined in Debug\stm8s_clk.o section .text
_CLK_ClearITPendingBit           000087f6   defined in Debug\stm8s_clk.o section .text
_CLK_ClockSecuritySystemEnable   000086de   defined in Debug\stm8s_clk.o section .text
_CLK_ClockSwitchCmd              000084ff   defined in Debug\stm8s_clk.o section .text
_CLK_ClockSwitchConfig           00008587   defined in Debug\stm8s_clk.o section .text
_CLK_DeInit                      00008481   defined in Debug\stm8s_clk.o section .text
                                            used in Debug\main.o
_CLK_FastHaltWakeUpCmd           000084b9   defined in Debug\stm8s_clk.o section .text
_CLK_GetClockFreq                000086e7   defined in Debug\stm8s_clk.o section .text
                                            used in Debug\stm8s_uart1.o
_CLK_GetFlagStatus               0000876d   defined in Debug\stm8s_clk.o section .text
_CLK_GetITStatus                 000087ca   defined in Debug\stm8s_clk.o section .text
_CLK_GetSYSCLKSource             000086e3   defined in Debug\stm8s_clk.o section .text
_CLK_HSECmd                      000084c7   defined in Debug\stm8s_clk.o section .text
                                            used in Debug\main.o
_CLK_HSICmd                      000084d5   defined in Debug\stm8s_clk.o section .text
                                            used in Debug\main.o
_CLK_HSIPrescalerConfig          00008641   defined in Debug\stm8s_clk.o section .text
                                            used in Debug\main.o
_CLK_ITConfig                    0000866b   defined in Debug\stm8s_clk.o section .text
_CLK_LSICmd                      000084e3   defined in Debug\stm8s_clk.o section .text
_CLK_PeripheralClockConfig       0000851b   defined in Debug\stm8s_clk.o section .text
_CLK_SWIMConfig                  000086d0   defined in Debug\stm8s_clk.o section .text
_CLK_SYSCLKConfig                000086a3   defined in Debug\stm8s_clk.o section .text
                                            used in Debug\main.o
_CLK_SYSCLKEmergencyClear        00008768   defined in Debug\stm8s_clk.o section .text
_CLK_SlowActiveHaltWakeUpCmd     0000850d   defined in Debug\stm8s_clk.o section .text
_EXTI_DeInit                     ********   *** removed from Debug\stm8s_exti.o ***
_EXTI_GetExtIntSensitivity       ********   *** removed from Debug\stm8s_exti.o ***
_EXTI_GetTLISensitivity          ********   *** removed from Debug\stm8s_exti.o ***
_EXTI_SetExtIntSensitivity       ********   *** removed from Debug\stm8s_exti.o ***
_EXTI_SetTLISensitivity          ********   *** removed from Debug\stm8s_exti.o ***
_FLASH_DeInit                    ********   *** removed from Debug\stm8s_flash.o ***
_FLASH_EraseBlock                ********   *** removed from Debug\stm8s_flash.o ***
_FLASH_EraseByte                 ********   *** removed from Debug\stm8s_flash.o ***
_FLASH_EraseOptionByte           ********   *** removed from Debug\stm8s_flash.o ***
_FLASH_GetBootSize               ********   *** removed from Debug\stm8s_flash.o ***
_FLASH_GetFlagStatus             ********   *** removed from Debug\stm8s_flash.o ***
_FLASH_GetLowPowerMode           ********   *** removed from Debug\stm8s_flash.o ***
_FLASH_GetProgrammingTime        ********   *** removed from Debug\stm8s_flash.o ***
_FLASH_ITConfig                  ********   *** removed from Debug\stm8s_flash.o ***
_FLASH_Lock                      ********   *** removed from Debug\stm8s_flash.o ***
_FLASH_ProgramBlock              ********   *** removed from Debug\stm8s_flash.o ***
_FLASH_ProgramByte               ********   *** removed from Debug\stm8s_flash.o ***
_FLASH_ProgramOptionByte         ********   *** removed from Debug\stm8s_flash.o ***
_FLASH_ProgramWord               ********   *** removed from Debug\stm8s_flash.o ***
_FLASH_ReadByte                  ********   *** removed from Debug\stm8s_flash.o ***
_FLASH_ReadOptionByte            ********   *** removed from Debug\stm8s_flash.o ***
_FLASH_SetLowPowerMode           ********   *** removed from Debug\stm8s_flash.o ***
_FLASH_SetProgrammingTime        ********   *** removed from Debug\stm8s_flash.o ***
_FLASH_Unlock                    ********   *** removed from Debug\stm8s_flash.o ***
_FLASH_WaitForLastOperation      ********   *** removed from Debug\stm8s_flash.o ***
_GPIO_DeInit                     00008805   defined in Debug\stm8s_gpio.o section .text
                                            used in Debug\main.o
_GPIO_ExternalPullUpConfig       0000889f   defined in Debug\stm8s_gpio.o section .text
_GPIO_Init                       0000880d   defined in Debug\stm8s_gpio.o section .text
                                            used in Debug\main.o
_GPIO_ReadInputData              00008895   defined in Debug\stm8s_gpio.o section .text
_GPIO_ReadInputPin               00008898   defined in Debug\stm8s_gpio.o section .text
_GPIO_ReadOutputData             00008893   defined in Debug\stm8s_gpio.o section .text
_GPIO_Write                      00008875   defined in Debug\stm8s_gpio.o section .text
_GPIO_WriteHigh                  0000887d   defined in Debug\stm8s_gpio.o section .text
_GPIO_WriteLow                   00008884   defined in Debug\stm8s_gpio.o section .text
_GPIO_WriteReverse               0000888c   defined in Debug\stm8s_gpio.o section .text
_HSIDivFactor                    00008088   defined in Debug\stm8s_clk.o section .const
_I2C_AcknowledgeConfig           ********   *** removed from Debug\stm8s_i2c.o ***
_I2C_CheckEvent                  ********   *** removed from Debug\stm8s_i2c.o ***
_I2C_ClearFlag                   ********   *** removed from Debug\stm8s_i2c.o ***
_I2C_ClearITPendingBit           ********   *** removed from Debug\stm8s_i2c.o ***
_I2C_Cmd                         ********   *** removed from Debug\stm8s_i2c.o ***
_I2C_DeInit                      ********   *** removed from Debug\stm8s_i2c.o ***
_I2C_FastModeDutyCycleConfig     ********   *** removed from Debug\stm8s_i2c.o ***
_I2C_GeneralCallCmd              ********   *** removed from Debug\stm8s_i2c.o ***
_I2C_GenerateSTART               ********   *** removed from Debug\stm8s_i2c.o ***
_I2C_GenerateSTOP                ********   *** removed from Debug\stm8s_i2c.o ***
_I2C_GetFlagStatus               ********   *** removed from Debug\stm8s_i2c.o ***
_I2C_GetITStatus                 ********   *** removed from Debug\stm8s_i2c.o ***
_I2C_GetLastEvent                ********   *** removed from Debug\stm8s_i2c.o ***
_I2C_ITConfig                    ********   *** removed from Debug\stm8s_i2c.o ***
_I2C_Init                        ********   *** removed from Debug\stm8s_i2c.o ***
_I2C_ReceiveData                 ********   *** removed from Debug\stm8s_i2c.o ***
_I2C_Send7bitAddress             ********   *** removed from Debug\stm8s_i2c.o ***
_I2C_SendData                    ********   *** removed from Debug\stm8s_i2c.o ***
_I2C_SoftwareResetCmd            ********   *** removed from Debug\stm8s_i2c.o ***
_I2C_StretchClockCmd             ********   *** removed from Debug\stm8s_i2c.o ***
_ITC_DeInit                      ********   *** removed from Debug\stm8s_itc.o ***
_ITC_GetCPUCC                    ********   *** removed from Debug\stm8s_itc.o ***
_ITC_GetSoftIntStatus            ********   *** removed from Debug\stm8s_itc.o ***
_ITC_GetSoftwarePriority         ********   *** removed from Debug\stm8s_itc.o ***
_ITC_SetSoftwarePriority         ********   *** removed from Debug\stm8s_itc.o ***
_IWDG_Enable                     ********   *** removed from Debug\stm8s_iwdg.o ***
_IWDG_ReloadCounter              ********   *** removed from Debug\stm8s_iwdg.o ***
_IWDG_SetPrescaler               ********   *** removed from Debug\stm8s_iwdg.o ***
_IWDG_SetReload                  ********   *** removed from Debug\stm8s_iwdg.o ***
_IWDG_WriteAccessCmd             ********   *** removed from Debug\stm8s_iwdg.o ***
_RGBSpin                         0000828f   defined in Debug\main.o section .text
_RST_ClearFlag                   ********   *** removed from Debug\stm8s_rst.o ***
_RST_GetFlagStatus               ********   *** removed from Debug\stm8s_rst.o ***
_SPI_BiDirectionalLineConfig     ********   *** removed from Debug\stm8s_spi.o ***
_SPI_CalculateCRCCmd             ********   *** removed from Debug\stm8s_spi.o ***
_SPI_ClearFlag                   ********   *** removed from Debug\stm8s_spi.o ***
_SPI_ClearITPendingBit           ********   *** removed from Debug\stm8s_spi.o ***
_SPI_Cmd                         ********   *** removed from Debug\stm8s_spi.o ***
_SPI_DeInit                      ********   *** removed from Debug\stm8s_spi.o ***
_SPI_GetCRC                      ********   *** removed from Debug\stm8s_spi.o ***
_SPI_GetCRCPolynomial            ********   *** removed from Debug\stm8s_spi.o ***
_SPI_GetFlagStatus               ********   *** removed from Debug\stm8s_spi.o ***
_SPI_GetITStatus                 ********   *** removed from Debug\stm8s_spi.o ***
_SPI_ITConfig                    ********   *** removed from Debug\stm8s_spi.o ***
_SPI_Init                        ********   *** removed from Debug\stm8s_spi.o ***
_SPI_NSSInternalSoftwareCmd      ********   *** removed from Debug\stm8s_spi.o ***
_SPI_ReceiveData                 ********   *** removed from Debug\stm8s_spi.o ***
_SPI_ResetCRC                    ********   *** removed from Debug\stm8s_spi.o ***
_SPI_SendData                    ********   *** removed from Debug\stm8s_spi.o ***
_SPI_TransmitCRC                 ********   *** removed from Debug\stm8s_spi.o ***
_TBR_Array                       ********   *** removed from Debug\stm8s_awu.o ***
_TIM1_ARRPreloadConfig           ********   *** removed from Debug\stm8s_tim1.o ***
_TIM1_BDTRConfig                 ********   *** removed from Debug\stm8s_tim1.o ***
_TIM1_CCPreloadControl           ********   *** removed from Debug\stm8s_tim1.o ***
_TIM1_CCxCmd                     ********   *** removed from Debug\stm8s_tim1.o ***
_TIM1_CCxNCmd                    ********   *** removed from Debug\stm8s_tim1.o ***
_TIM1_ClearFlag                  ********   *** removed from Debug\stm8s_tim1.o ***
_TIM1_ClearITPendingBit          ********   *** removed from Debug\stm8s_tim1.o ***
_TIM1_Cmd                        ********   *** removed from Debug\stm8s_tim1.o ***
_TIM1_CounterModeConfig          ********   *** removed from Debug\stm8s_tim1.o ***
_TIM1_CtrlPWMOutputs             ********   *** removed from Debug\stm8s_tim1.o ***
_TIM1_DeInit                     ********   *** removed from Debug\stm8s_tim1.o ***
_TIM1_ETRClockMode1Config        ********   *** removed from Debug\stm8s_tim1.o ***
_TIM1_ETRClockMode2Config        ********   *** removed from Debug\stm8s_tim1.o ***
_TIM1_ETRConfig                  ********   *** removed from Debug\stm8s_tim1.o ***
_TIM1_EncoderInterfaceConfig     ********   *** removed from Debug\stm8s_tim1.o ***
_TIM1_ForcedOC1Config            ********   *** removed from Debug\stm8s_tim1.o ***
_TIM1_ForcedOC2Config            ********   *** removed from Debug\stm8s_tim1.o ***
_TIM1_ForcedOC3Config            ********   *** removed from Debug\stm8s_tim1.o ***
_TIM1_ForcedOC4Config            ********   *** removed from Debug\stm8s_tim1.o ***
_TIM1_GenerateEvent              ********   *** removed from Debug\stm8s_tim1.o ***
_TIM1_GetCapture1                ********   *** removed from Debug\stm8s_tim1.o ***
_TIM1_GetCapture2                ********   *** removed from Debug\stm8s_tim1.o ***
_TIM1_GetCapture3                ********   *** removed from Debug\stm8s_tim1.o ***
_TIM1_GetCapture4                ********   *** removed from Debug\stm8s_tim1.o ***
_TIM1_GetCounter                 ********   *** removed from Debug\stm8s_tim1.o ***
_TIM1_GetFlagStatus              ********   *** removed from Debug\stm8s_tim1.o ***
_TIM1_GetITStatus                ********   *** removed from Debug\stm8s_tim1.o ***
_TIM1_GetPrescaler               ********   *** removed from Debug\stm8s_tim1.o ***
_TIM1_ICInit                     ********   *** removed from Debug\stm8s_tim1.o ***
_TIM1_ITConfig                   ********   *** removed from Debug\stm8s_tim1.o ***
_TIM1_InternalClockConfig        ********   *** removed from Debug\stm8s_tim1.o ***
_TIM1_OC1FastConfig              ********   *** removed from Debug\stm8s_tim1.o ***
_TIM1_OC1Init                    ********   *** removed from Debug\stm8s_tim1.o ***
_TIM1_OC1NPolarityConfig         ********   *** removed from Debug\stm8s_tim1.o ***
_TIM1_OC1PolarityConfig          ********   *** removed from Debug\stm8s_tim1.o ***
_TIM1_OC1PreloadConfig           ********   *** removed from Debug\stm8s_tim1.o ***
_TIM1_OC2FastConfig              ********   *** removed from Debug\stm8s_tim1.o ***
_TIM1_OC2Init                    ********   *** removed from Debug\stm8s_tim1.o ***
_TIM1_OC2NPolarityConfig         ********   *** removed from Debug\stm8s_tim1.o ***
_TIM1_OC2PolarityConfig          ********   *** removed from Debug\stm8s_tim1.o ***
_TIM1_OC2PreloadConfig           ********   *** removed from Debug\stm8s_tim1.o ***
_TIM1_OC3FastConfig              ********   *** removed from Debug\stm8s_tim1.o ***
_TIM1_OC3Init                    ********   *** removed from Debug\stm8s_tim1.o ***
_TIM1_OC3NPolarityConfig         ********   *** removed from Debug\stm8s_tim1.o ***
_TIM1_OC3PolarityConfig          ********   *** removed from Debug\stm8s_tim1.o ***
_TIM1_OC3PreloadConfig           ********   *** removed from Debug\stm8s_tim1.o ***
_TIM1_OC4FastConfig              ********   *** removed from Debug\stm8s_tim1.o ***
_TIM1_OC4Init                    ********   *** removed from Debug\stm8s_tim1.o ***
_TIM1_OC4PolarityConfig          ********   *** removed from Debug\stm8s_tim1.o ***
_TIM1_OC4PreloadConfig           ********   *** removed from Debug\stm8s_tim1.o ***
_TIM1_PWMIConfig                 ********   *** removed from Debug\stm8s_tim1.o ***
_TIM1_PrescalerConfig            ********   *** removed from Debug\stm8s_tim1.o ***
_TIM1_SelectCOM                  ********   *** removed from Debug\stm8s_tim1.o ***
_TIM1_SelectHallSensor           ********   *** removed from Debug\stm8s_tim1.o ***
_TIM1_SelectInputTrigger         ********   *** removed from Debug\stm8s_tim1.o ***
_TIM1_SelectMasterSlaveMode      ********   *** removed from Debug\stm8s_tim1.o ***
_TIM1_SelectOCxM                 ********   *** removed from Debug\stm8s_tim1.o ***
_TIM1_SelectOnePulseMode         ********   *** removed from Debug\stm8s_tim1.o ***
_TIM1_SelectOutputTrigger        ********   *** removed from Debug\stm8s_tim1.o ***
_TIM1_SelectSlaveMode            ********   *** removed from Debug\stm8s_tim1.o ***
_TIM1_SetAutoreload              ********   *** removed from Debug\stm8s_tim1.o ***
_TIM1_SetCompare1                ********   *** removed from Debug\stm8s_tim1.o ***
_TIM1_SetCompare2                ********   *** removed from Debug\stm8s_tim1.o ***
_TIM1_SetCompare3                ********   *** removed from Debug\stm8s_tim1.o ***
_TIM1_SetCompare4                ********   *** removed from Debug\stm8s_tim1.o ***
_TIM1_SetCounter                 ********   *** removed from Debug\stm8s_tim1.o ***
_TIM1_SetIC1Prescaler            ********   *** removed from Debug\stm8s_tim1.o ***
_TIM1_SetIC2Prescaler            ********   *** removed from Debug\stm8s_tim1.o ***
_TIM1_SetIC3Prescaler            ********   *** removed from Debug\stm8s_tim1.o ***
_TIM1_SetIC4Prescaler            ********   *** removed from Debug\stm8s_tim1.o ***
_TIM1_TIxExternalClockConfig     ********   *** removed from Debug\stm8s_tim1.o ***
_TIM1_TimeBaseInit               ********   *** removed from Debug\stm8s_tim1.o ***
_TIM1_UpdateDisableConfig        ********   *** removed from Debug\stm8s_tim1.o ***
_TIM1_UpdateRequestConfig        ********   *** removed from Debug\stm8s_tim1.o ***
_TIM2_ARRPreloadConfig           ********   *** removed from Debug\stm8s_tim2.o ***
_TIM2_CCxCmd                     ********   *** removed from Debug\stm8s_tim2.o ***
_TIM2_ClearFlag                  ********   *** removed from Debug\stm8s_tim2.o ***
_TIM2_ClearITPendingBit          ********   *** removed from Debug\stm8s_tim2.o ***
_TIM2_Cmd                        ********   *** removed from Debug\stm8s_tim2.o ***
_TIM2_DeInit                     ********   *** removed from Debug\stm8s_tim2.o ***
_TIM2_ForcedOC1Config            ********   *** removed from Debug\stm8s_tim2.o ***
_TIM2_ForcedOC2Config            ********   *** removed from Debug\stm8s_tim2.o ***
_TIM2_ForcedOC3Config            ********   *** removed from Debug\stm8s_tim2.o ***
_TIM2_GenerateEvent              ********   *** removed from Debug\stm8s_tim2.o ***
_TIM2_GetCapture1                ********   *** removed from Debug\stm8s_tim2.o ***
_TIM2_GetCapture2                ********   *** removed from Debug\stm8s_tim2.o ***
_TIM2_GetCapture3                ********   *** removed from Debug\stm8s_tim2.o ***
_TIM2_GetCounter                 ********   *** removed from Debug\stm8s_tim2.o ***
_TIM2_GetFlagStatus              ********   *** removed from Debug\stm8s_tim2.o ***
_TIM2_GetITStatus                ********   *** removed from Debug\stm8s_tim2.o ***
_TIM2_GetPrescaler               ********   *** removed from Debug\stm8s_tim2.o ***
_TIM2_ICInit                     ********   *** removed from Debug\stm8s_tim2.o ***
_TIM2_ITConfig                   ********   *** removed from Debug\stm8s_tim2.o ***
_TIM2_OC1Init                    ********   *** removed from Debug\stm8s_tim2.o ***
_TIM2_OC1PolarityConfig          ********   *** removed from Debug\stm8s_tim2.o ***
_TIM2_OC1PreloadConfig           ********   *** removed from Debug\stm8s_tim2.o ***
_TIM2_OC2Init                    ********   *** removed from Debug\stm8s_tim2.o ***
_TIM2_OC2PolarityConfig          ********   *** removed from Debug\stm8s_tim2.o ***
_TIM2_OC2PreloadConfig           ********   *** removed from Debug\stm8s_tim2.o ***
_TIM2_OC3Init                    ********   *** removed from Debug\stm8s_tim2.o ***
_TIM2_OC3PolarityConfig          ********   *** removed from Debug\stm8s_tim2.o ***
_TIM2_OC3PreloadConfig           ********   *** removed from Debug\stm8s_tim2.o ***
_TIM2_PWMIConfig                 ********   *** removed from Debug\stm8s_tim2.o ***
_TIM2_PrescalerConfig            ********   *** removed from Debug\stm8s_tim2.o ***
_TIM2_SelectOCxM                 ********   *** removed from Debug\stm8s_tim2.o ***
_TIM2_SelectOnePulseMode         ********   *** removed from Debug\stm8s_tim2.o ***
_TIM2_SetAutoreload              ********   *** removed from Debug\stm8s_tim2.o ***
_TIM2_SetCompare1                ********   *** removed from Debug\stm8s_tim2.o ***
_TIM2_SetCompare2                ********   *** removed from Debug\stm8s_tim2.o ***
_TIM2_SetCompare3                ********   *** removed from Debug\stm8s_tim2.o ***
_TIM2_SetCounter                 ********   *** removed from Debug\stm8s_tim2.o ***
_TIM2_SetIC1Prescaler            ********   *** removed from Debug\stm8s_tim2.o ***
_TIM2_SetIC2Prescaler            ********   *** removed from Debug\stm8s_tim2.o ***
_TIM2_SetIC3Prescaler            ********   *** removed from Debug\stm8s_tim2.o ***
_TIM2_TimeBaseInit               ********   *** removed from Debug\stm8s_tim2.o ***
_TIM2_UpdateDisableConfig        ********   *** removed from Debug\stm8s_tim2.o ***
_TIM2_UpdateRequestConfig        ********   *** removed from Debug\stm8s_tim2.o ***
_UART1_ClearFlag                 ********   *** removed from Debug\stm8s_uart1.o ***
_UART1_ClearITPendingBit         ********   *** removed from Debug\stm8s_uart1.o ***
_UART1_Cmd                       ********   *** removed from Debug\stm8s_uart1.o ***
_UART1_DeInit                    ********   *** removed from Debug\stm8s_uart1.o ***
_UART1_GetFlagStatus             ********   *** removed from Debug\stm8s_uart1.o ***
_UART1_GetITStatus               ********   *** removed from Debug\stm8s_uart1.o ***
_UART1_HalfDuplexCmd             ********   *** removed from Debug\stm8s_uart1.o ***
_UART1_ITConfig                  ********   *** removed from Debug\stm8s_uart1.o ***
_UART1_Init                      ********   *** removed from Debug\stm8s_uart1.o ***
_UART1_IrDACmd                   ********   *** removed from Debug\stm8s_uart1.o ***
_UART1_IrDAConfig                ********   *** removed from Debug\stm8s_uart1.o ***
_UART1_LINBreakDetectionConfig   ********   *** removed from Debug\stm8s_uart1.o ***
_UART1_LINCmd                    ********   *** removed from Debug\stm8s_uart1.o ***
_UART1_ReceiveData8              ********   *** removed from Debug\stm8s_uart1.o ***
_UART1_ReceiveData9              ********   *** removed from Debug\stm8s_uart1.o ***
_UART1_ReceiverWakeUpCmd         ********   *** removed from Debug\stm8s_uart1.o ***
_UART1_SendBreak                 ********   *** removed from Debug\stm8s_uart1.o ***
_UART1_SendData8                 ********   *** removed from Debug\stm8s_uart1.o ***
_UART1_SendData9                 ********   *** removed from Debug\stm8s_uart1.o ***
_UART1_SetAddress                ********   *** removed from Debug\stm8s_uart1.o ***
_UART1_SetGuardTime              ********   *** removed from Debug\stm8s_uart1.o ***
_UART1_SetPrescaler              ********   *** removed from Debug\stm8s_uart1.o ***
_UART1_SmartCardCmd              ********   *** removed from Debug\stm8s_uart1.o ***
_UART1_SmartCardNACKCmd          ********   *** removed from Debug\stm8s_uart1.o ***
_UART1_WakeUpConfig              ********   *** removed from Debug\stm8s_uart1.o ***
_WWDG_GetCounter                 ********   *** removed from Debug\stm8s_wwdg.o ***
_WWDG_Init                       ********   *** removed from Debug\stm8s_wwdg.o ***
_WWDG_SWReset                    ********   *** removed from Debug\stm8s_wwdg.o ***
_WWDG_SetCounter                 ********   *** removed from Debug\stm8s_wwdg.o ***
_WWDG_SetWindowValue             ********   *** removed from Debug\stm8s_wwdg.o ***
__endmem                         000001ff   defined in command file
                                            *** not used ***
__endzp                          00000027   defined in command file section .ubsct
                                            used in C:\Program Files (x86)\COSMIC\FSE_Compilers\CXSTM8\lib\crtsi0.sm8
__idesc__                        00008094   defined in linker section .init
                                            used in C:\Program Files (x86)\COSMIC\FSE_Compilers\CXSTM8\lib\crtsi0.sm8
__memory                         00000100   defined in command file section .bss
                                            used in C:\Program Files (x86)\COSMIC\FSE_Compilers\CXSTM8\lib\crtsi0.sm8
__stack                          000003ff   defined in command file
                                            used in C:\Program Files (x86)\COSMIC\FSE_Compilers\CXSTM8\lib\crtsi0.sm8
__startmem                       00000100   defined in command file section .bss
                                            *** not used ***
__stext                          000080a1   defined in C:\Program Files (x86)\COSMIC\FSE_Compilers\CXSTM8\lib\crtsi0.sm8 section .text
                                            used in Debug\stm8_interrupt_vector.o
__vectab                         00008000   defined in Debug\stm8_interrupt_vector.o section .const
_change                          00000001   defined in Debug\main.o section .bsct, initialized
_clear_lights                    00008236   defined in Debug\main.o section .text
_delay_ms                        0000811b   defined in Debug\main.o section .text
_delay_ms_HS                     000080f1   defined in Debug\main.o section .text
_dir                             00000000   defined in Debug\main.o section .bsct, initialized
_exit                            000080ef   defined in C:\Program Files (x86)\COSMIC\FSE_Compilers\CXSTM8\lib\crtsi0.sm8 section .text
_init_tim2                       000083db   defined in Debug\main.o section .text
_linearSine                      0000830c   defined in Debug\main.o section .text
_main                            000083f0   defined in Debug\main.o section .text
                                            used in C:\Program Files (x86)\COSMIC\FSE_Compilers\CXSTM8\lib\crtsi0.sm8
_rainbowFade                     0000832e   defined in Debug\main.o section .text
_setAllSameColour                0000825c   defined in Debug\main.o section .text
_write_display                   000081ea   defined in Debug\main.o section .text
_ws_write_byte_bot               0000817c   defined in Debug\main.o section .text
_ws_write_byte_top               00008141   defined in Debug\main.o section .text
_ws_write_grb_bot                000081d1   defined in Debug\main.o section .text
_ws_write_grb_top                000081b7   defined in Debug\main.o section .text
c_bmulx                          000088b7   defined in (C:\Program Files (x86)\COSMIC\FSE_Compilers\CXSTM8\lib\libm0.sm8)bmulx.o section .text
                                            used in Debug\main.o
c_cmulx                          ********   *** removed from (C:\Program Files (x86)\COSMIC\FSE_Compilers\CXSTM8\lib\libm0.sm8)cmulx.o ***
c_divsl                          00008a6e   defined in (C:\Program Files (x86)\COSMIC\FSE_Compilers\CXSTM8\lib\libm0.sm8)ldiv.o section .text
                                            *** not used ***
c_divul                          00008a85   defined in (C:\Program Files (x86)\COSMIC\FSE_Compilers\CXSTM8\lib\libm0.sm8)ldiv.o section .text
                                            used in (C:\Program Files (x86)\COSMIC\FSE_Compilers\CXSTM8\lib\libm0.sm8)ludiv.o
c_fmul                           000088c5   defined in (C:\Program Files (x86)\COSMIC\FSE_Compilers\CXSTM8\lib\libm0.sm8)fmul.o section .text
                                            used in Debug\main.o
c_ftoi                           0000899a   defined in (C:\Program Files (x86)\COSMIC\FSE_Compilers\CXSTM8\lib\libm0.sm8)ftol.o section .text
                                            used in Debug\main.o
c_ftol                           000089a0   defined in (C:\Program Files (x86)\COSMIC\FSE_Compilers\CXSTM8\lib\libm0.sm8)ftol.o section .text
                                            used in Debug\main.o
c_idiv                           000089fc   defined in (C:\Program Files (x86)\COSMIC\FSE_Compilers\CXSTM8\lib\libm0.sm8)idiv.o section .text
                                            used in Debug\main.o
c_imul                           ********   *** removed from (C:\Program Files (x86)\COSMIC\FSE_Compilers\CXSTM8\lib\libm0.sm8)imul.o ***
c_itof                           00008a1a   defined in (C:\Program Files (x86)\COSMIC\FSE_Compilers\CXSTM8\lib\libm0.sm8)itof.o section .text
                                            used in Debug\main.o
c_ladd                           ********   *** removed from (C:\Program Files (x86)\COSMIC\FSE_Compilers\CXSTM8\lib\libm0.sm8)ladd.o ***
c_lcmp                           ********   *** removed from (C:\Program Files (x86)\COSMIC\FSE_Compilers\CXSTM8\lib\libm0.sm8)lcmp.o ***
c_lgadd                          ********   *** removed from (C:\Program Files (x86)\COSMIC\FSE_Compilers\CXSTM8\lib\libm0.sm8)lgadd.o ***
c_lgneg                          00008b59   defined in (C:\Program Files (x86)\COSMIC\FSE_Compilers\CXSTM8\lib\libm0.sm8)lgneg.o section .text
                                            used in (C:\Program Files (x86)\COSMIC\FSE_Compilers\CXSTM8\lib\libm0.sm8)ldiv.o
c_llsh                           ********   *** removed from (C:\Program Files (x86)\COSMIC\FSE_Compilers\CXSTM8\lib\libm0.sm8)llsh.o ***
c_lmul                           ********   *** removed from (C:\Program Files (x86)\COSMIC\FSE_Compilers\CXSTM8\lib\libm0.sm8)lmul.o ***
c_lmulc                          ********   *** removed from (C:\Program Files (x86)\COSMIC\FSE_Compilers\CXSTM8\lib\libm0.sm8)lmul.o ***
c_lneg                           00008b6c   defined in (C:\Program Files (x86)\COSMIC\FSE_Compilers\CXSTM8\lib\libm0.sm8)lneg.o section .text
                                            used in (C:\Program Files (x86)\COSMIC\FSE_Compilers\CXSTM8\lib\libm0.sm8)ldiv.o
c_lreg                           0000001d   defined in (C:\Program Files (x86)\COSMIC\FSE_Compilers\CXSTM8\lib\libm0.sm8)lreg.o section .ubsct
                                            used in Debug\main.o
                                                    Debug\stm8s_awu.o
                                                    Debug\stm8s_beep.o
                                                    Debug\stm8s_clk.o
                                                    Debug\stm8s_flash.o
                                                    Debug\stm8s_i2c.o
                                                    Debug\stm8s_uart1.o
                                                    (C:\Program Files (x86)\COSMIC\FSE_Compilers\CXSTM8\lib\libm0.sm8)cmulx.o
                                                    (C:\Program Files (x86)\COSMIC\FSE_Compilers\CXSTM8\lib\libm0.sm8)fmul.o
                                                    (C:\Program Files (x86)\COSMIC\FSE_Compilers\CXSTM8\lib\libm0.sm8)ftol.o
                                                    (C:\Program Files (x86)\COSMIC\FSE_Compilers\CXSTM8\lib\libm0.sm8)itof.o
                                                    (C:\Program Files (x86)\COSMIC\FSE_Compilers\CXSTM8\lib\libm0.sm8)ladd.o
                                                    (C:\Program Files (x86)\COSMIC\FSE_Compilers\CXSTM8\lib\libm0.sm8)lcmp.o
                                                    (C:\Program Files (x86)\COSMIC\FSE_Compilers\CXSTM8\lib\libm0.sm8)lgadd.o
                                                    (C:\Program Files (x86)\COSMIC\FSE_Compilers\CXSTM8\lib\libm0.sm8)llsh.o
                                                    (C:\Program Files (x86)\COSMIC\FSE_Compilers\CXSTM8\lib\libm0.sm8)lmul.o
                                                    (C:\Program Files (x86)\COSMIC\FSE_Compilers\CXSTM8\lib\libm0.sm8)lsub.o
                                                    (C:\Program Files (x86)\COSMIC\FSE_Compilers\CXSTM8\lib\libm0.sm8)ltor.o
                                                    (C:\Program Files (x86)\COSMIC\FSE_Compilers\CXSTM8\lib\libm0.sm8)ldiv.o
                                                    (C:\Program Files (x86)\COSMIC\FSE_Compilers\CXSTM8\lib\libm0.sm8)lneg.o
                                                    (C:\Program Files (x86)\COSMIC\FSE_Compilers\CXSTM8\lib\libm0.sm8)rtol.o
                                                    (C:\Program Files (x86)\COSMIC\FSE_Compilers\CXSTM8\lib\libm0.sm8)smul.o
                                                    (C:\Program Files (x86)\COSMIC\FSE_Compilers\CXSTM8\lib\libm0.sm8)uitof.o
                                                    (C:\Program Files (x86)\COSMIC\FSE_Compilers\CXSTM8\lib\libm0.sm8)umul.o
c_lsub                           ********   *** removed from (C:\Program Files (x86)\COSMIC\FSE_Compilers\CXSTM8\lib\libm0.sm8)lsub.o ***
c_ltor                           00008a48   defined in (C:\Program Files (x86)\COSMIC\FSE_Compilers\CXSTM8\lib\libm0.sm8)ltor.o section .text
                                            used in Debug\main.o
                                                    Debug\stm8s_awu.o
                                                    Debug\stm8s_beep.o
                                                    Debug\stm8s_clk.o
                                                    Debug\stm8s_flash.o
                                                    Debug\stm8s_i2c.o
                                                    Debug\stm8s_uart1.o
c_ludv                           00008a5a   defined in (C:\Program Files (x86)\COSMIC\FSE_Compilers\CXSTM8\lib\libm0.sm8)ludiv.o section .text
                                            used in Debug\stm8s_awu.o
                                                    Debug\stm8s_beep.o
                                                    Debug\stm8s_clk.o
                                                    Debug\stm8s_i2c.o
                                                    Debug\stm8s_uart1.o
c_okmul                          000088d3   defined in (C:\Program Files (x86)\COSMIC\FSE_Compilers\CXSTM8\lib\libm0.sm8)fmul.o section .text
                                            *** not used ***
c_rtol                           00008b81   defined in (C:\Program Files (x86)\COSMIC\FSE_Compilers\CXSTM8\lib\libm0.sm8)rtol.o section .text
                                            used in Debug\main.o
                                                    Debug\stm8s_clk.o
                                                    Debug\stm8s_flash.o
                                                    Debug\stm8s_i2c.o
                                                    Debug\stm8s_uart1.o
c_sdivx                          ********   *** removed from (C:\Program Files (x86)\COSMIC\FSE_Compilers\CXSTM8\lib\libm0.sm8)sdivx.o ***
c_smodx                          ********   *** removed from (C:\Program Files (x86)\COSMIC\FSE_Compilers\CXSTM8\lib\libm0.sm8)sdivx.o ***
c_smul                           ********   *** removed from (C:\Program Files (x86)\COSMIC\FSE_Compilers\CXSTM8\lib\libm0.sm8)smul.o ***
c_uitof                          00008b93   defined in (C:\Program Files (x86)\COSMIC\FSE_Compilers\CXSTM8\lib\libm0.sm8)uitof.o section .text
                                            used in Debug\main.o
c_umul                           ********   *** removed from (C:\Program Files (x86)\COSMIC\FSE_Compilers\CXSTM8\lib\libm0.sm8)umul.o ***
c_x                              00000021   defined in (C:\Program Files (x86)\COSMIC\FSE_Compilers\CXSTM8\lib\libm0.sm8)xreg.o section .ubsct
                                            used in C:\Program Files (x86)\COSMIC\FSE_Compilers\CXSTM8\lib\crtsi0.sm8
                                                    Debug\main.o
                                                    Debug\stm8s_awu.o
                                                    Debug\stm8s_beep.o
                                                    (C:\Program Files (x86)\COSMIC\FSE_Compilers\CXSTM8\lib\libm0.sm8)bmulx.o
                                                    (C:\Program Files (x86)\COSMIC\FSE_Compilers\CXSTM8\lib\libm0.sm8)fmul.o
                                                    (C:\Program Files (x86)\COSMIC\FSE_Compilers\CXSTM8\lib\libm0.sm8)imul.o
                                                    (C:\Program Files (x86)\COSMIC\FSE_Compilers\CXSTM8\lib\libm0.sm8)lmul.o
                                                    (C:\Program Files (x86)\COSMIC\FSE_Compilers\CXSTM8\lib\libm0.sm8)ldiv.o
                                                    (C:\Program Files (x86)\COSMIC\FSE_Compilers\CXSTM8\lib\libm0.sm8)sdivx.o
                                                    (C:\Program Files (x86)\COSMIC\FSE_Compilers\CXSTM8\lib\libm0.sm8)umul.o
c_y                              00000024   defined in (C:\Program Files (x86)\COSMIC\FSE_Compilers\CXSTM8\lib\libm0.sm8)yreg.o section .ubsct
                                            used in C:\Program Files (x86)\COSMIC\FSE_Compilers\CXSTM8\lib\crtsi0.sm8
                                                    Debug\main.o
                                                    (C:\Program Files (x86)\COSMIC\FSE_Compilers\CXSTM8\lib\libm0.sm8)umul.o
f_NonHandledInterrupt            00008bb7   defined in Debug\stm8_interrupt_vector.o section .text
f_buttonHandler                  0000844f   defined in Debug\main.o section .text
                                            used in Debug\stm8_interrupt_vector.o
f_tim2Handler                    00008454   defined in Debug\main.o section .text
                                            used in Debug\stm8_interrupt_vector.o
